Archive member included to satisfy reference by file (symbol)

E:/ScoopApps/apps/gcc-arm-none-eabi/current/bin/../lib/gcc/arm-none-eabi/13.3.1/thumb/v7e-m+fp/hard\libc_nano.a(libc_a-exit.o)
                              E:/ScoopApps/apps/gcc-arm-none-eabi/current/bin/../lib/gcc/arm-none-eabi/13.3.1/thumb/v7e-m+fp/hard/crt0.o (exit)
E:/ScoopApps/apps/gcc-arm-none-eabi/current/bin/../lib/gcc/arm-none-eabi/13.3.1/thumb/v7e-m+fp/hard\libc_nano.a(libc_a-findfp.o)
                              E:/ScoopApps/apps/gcc-arm-none-eabi/current/bin/../lib/gcc/arm-none-eabi/13.3.1/thumb/v7e-m+fp/hard\libc_nano.a(libc_a-exit.o) (__stdio_exit_handler)
E:/ScoopApps/apps/gcc-arm-none-eabi/current/bin/../lib/gcc/arm-none-eabi/13.3.1/thumb/v7e-m+fp/hard\libc_nano.a(libc_a-fwalk.o)
                              E:/ScoopApps/apps/gcc-arm-none-eabi/current/bin/../lib/gcc/arm-none-eabi/13.3.1/thumb/v7e-m+fp/hard\libc_nano.a(libc_a-findfp.o) (_fwalk_sglue)
E:/ScoopApps/apps/gcc-arm-none-eabi/current/bin/../lib/gcc/arm-none-eabi/13.3.1/thumb/v7e-m+fp/hard\libc_nano.a(libc_a-stdio.o)
                              E:/ScoopApps/apps/gcc-arm-none-eabi/current/bin/../lib/gcc/arm-none-eabi/13.3.1/thumb/v7e-m+fp/hard\libc_nano.a(libc_a-findfp.o) (__sread)
E:/ScoopApps/apps/gcc-arm-none-eabi/current/bin/../lib/gcc/arm-none-eabi/13.3.1/thumb/v7e-m+fp/hard\libc_nano.a(libc_a-memset.o)
                              E:/ScoopApps/apps/gcc-arm-none-eabi/current/bin/../lib/gcc/arm-none-eabi/13.3.1/thumb/v7e-m+fp/hard/crt0.o (memset)
E:/ScoopApps/apps/gcc-arm-none-eabi/current/bin/../lib/gcc/arm-none-eabi/13.3.1/thumb/v7e-m+fp/hard\libc_nano.a(libc_a-closer.o)
                              E:/ScoopApps/apps/gcc-arm-none-eabi/current/bin/../lib/gcc/arm-none-eabi/13.3.1/thumb/v7e-m+fp/hard\libc_nano.a(libc_a-stdio.o) (_close_r)
E:/ScoopApps/apps/gcc-arm-none-eabi/current/bin/../lib/gcc/arm-none-eabi/13.3.1/thumb/v7e-m+fp/hard\libc_nano.a(libc_a-reent.o)
                              E:/ScoopApps/apps/gcc-arm-none-eabi/current/bin/../lib/gcc/arm-none-eabi/13.3.1/thumb/v7e-m+fp/hard\libc_nano.a(libc_a-closer.o) (errno)
E:/ScoopApps/apps/gcc-arm-none-eabi/current/bin/../lib/gcc/arm-none-eabi/13.3.1/thumb/v7e-m+fp/hard\libc_nano.a(libc_a-impure.o)
                              E:/ScoopApps/apps/gcc-arm-none-eabi/current/bin/../lib/gcc/arm-none-eabi/13.3.1/thumb/v7e-m+fp/hard\libc_nano.a(libc_a-reent.o) (_impure_ptr)
E:/ScoopApps/apps/gcc-arm-none-eabi/current/bin/../lib/gcc/arm-none-eabi/13.3.1/thumb/v7e-m+fp/hard\libc_nano.a(libc_a-lseekr.o)
                              E:/ScoopApps/apps/gcc-arm-none-eabi/current/bin/../lib/gcc/arm-none-eabi/13.3.1/thumb/v7e-m+fp/hard\libc_nano.a(libc_a-stdio.o) (_lseek_r)
E:/ScoopApps/apps/gcc-arm-none-eabi/current/bin/../lib/gcc/arm-none-eabi/13.3.1/thumb/v7e-m+fp/hard\libc_nano.a(libc_a-readr.o)
                              E:/ScoopApps/apps/gcc-arm-none-eabi/current/bin/../lib/gcc/arm-none-eabi/13.3.1/thumb/v7e-m+fp/hard\libc_nano.a(libc_a-stdio.o) (_read_r)
E:/ScoopApps/apps/gcc-arm-none-eabi/current/bin/../lib/gcc/arm-none-eabi/13.3.1/thumb/v7e-m+fp/hard\libc_nano.a(libc_a-writer.o)
                              E:/ScoopApps/apps/gcc-arm-none-eabi/current/bin/../lib/gcc/arm-none-eabi/13.3.1/thumb/v7e-m+fp/hard\libc_nano.a(libc_a-stdio.o) (_write_r)
E:/ScoopApps/apps/gcc-arm-none-eabi/current/bin/../lib/gcc/arm-none-eabi/13.3.1/thumb/v7e-m+fp/hard\libc_nano.a(libc_a-errno.o)
                              CMakeFiles/lens_motor_driver.dir/Core/Src/sysmem.c.obj (__errno)
E:/ScoopApps/apps/gcc-arm-none-eabi/current/bin/../lib/gcc/arm-none-eabi/13.3.1/thumb/v7e-m+fp/hard\libc_nano.a(libc_a-init.o)
                              E:/ScoopApps/apps/gcc-arm-none-eabi/current/bin/../lib/gcc/arm-none-eabi/13.3.1/thumb/v7e-m+fp/hard/crt0.o (__libc_init_array)
E:/ScoopApps/apps/gcc-arm-none-eabi/current/bin/../lib/gcc/arm-none-eabi/13.3.1/thumb/v7e-m+fp/hard\libc_nano.a(libc_a-lock.o)
                              E:/ScoopApps/apps/gcc-arm-none-eabi/current/bin/../lib/gcc/arm-none-eabi/13.3.1/thumb/v7e-m+fp/hard\libc_nano.a(libc_a-findfp.o) (__retarget_lock_init_recursive)
E:/ScoopApps/apps/gcc-arm-none-eabi/current/bin/../lib/gcc/arm-none-eabi/13.3.1/thumb/v7e-m+fp/hard\libc_nano.a(libc_a-memcpy-stub.o)
                              CMakeFiles/lens_motor_driver.dir/Middlewares/Third_Party/FreeRTOS/Source/queue.c.obj (memcpy)
E:/ScoopApps/apps/gcc-arm-none-eabi/current/bin/../lib/gcc/arm-none-eabi/13.3.1/thumb/v7e-m+fp/hard\libc_nano.a(libc_a-freer.o)
                              E:/ScoopApps/apps/gcc-arm-none-eabi/current/bin/../lib/gcc/arm-none-eabi/13.3.1/thumb/v7e-m+fp/hard\libc_nano.a(libc_a-reent.o) (_free_r)
E:/ScoopApps/apps/gcc-arm-none-eabi/current/bin/../lib/gcc/arm-none-eabi/13.3.1/thumb/v7e-m+fp/hard\libc_nano.a(libc_a-mallocr.o)
                              E:/ScoopApps/apps/gcc-arm-none-eabi/current/bin/../lib/gcc/arm-none-eabi/13.3.1/thumb/v7e-m+fp/hard\libc_nano.a(libc_a-findfp.o) (_malloc_r)
[...]
Memory Configuration

Name             Origin             Length             Attributes
RAM              0x20000000         0x00008000         xrw
FLASH            0x08000000         0x00020000         xr
*default*        0x00000000         0xffffffff

Linker script and memory map

LOAD E:/ScoopApps/apps/gcc-arm-none-eabi/current/bin/../lib/gcc/arm-none-eabi/13.3.1/thumb/v7e-m+fp/hard/crti.o
LOAD E:/ScoopApps/apps/gcc-arm-none-eabi/current/bin/../lib/gcc/arm-none-eabi/13.3.1/thumb/v7e-m+fp/hard/crtbegin.o
LOAD E:/ScoopApps/apps/gcc-arm-none-eabi/current/bin/../lib/gcc/arm-none-eabi/13.3.1/thumb/v7e-m+fp/hard/crt0.o
START GROUP
END GROUP
START GROUP
LOAD E:/ScoopApps/apps/gcc-arm-none-eabi/current/bin/../lib/gcc/arm-none-eabi/13.3.1/thumb/v7e-m+fp/hard\libstdc++_nano.a
LOAD E:/ScoopApps/apps/gcc-arm-none-eabi/current/bin/../lib/gcc/arm-none-eabi/13.3.1/thumb/v7e-m+fp/hard\libsupc++_nano.a
END GROUP
LOAD CMakeFiles/lens_motor_driver.dir/Core/Src/main.cpp.obj
LOAD CMakeFiles/lens_motor_driver.dir/Core/Src/gpio.c.obj
LOAD CMakeFiles/lens_motor_driver.dir/Core/Src/freertos.c.obj
LOAD CMakeFiles/lens_motor_driver.dir/Core/Src/stm32f3xx_it.c.obj
LOAD CMakeFiles/lens_motor_driver.dir/Core/Src/stm32f3xx_hal_msp.c.obj
LOAD CMakeFiles/lens_motor_driver.dir/Core/Src/stm32f3xx_hal_timebase_tim.c.obj
LOAD CMakeFiles/lens_motor_driver.dir/Drivers/STM32F3xx_HAL_Driver/Src/stm32f3xx_hal.c.obj
LOAD CMakeFiles/lens_motor_driver.dir/Drivers/STM32F3xx_HAL_Driver/Src/stm32f3xx_hal_rcc.c.obj
LOAD CMakeFiles/lens_motor_driver.dir/Drivers/STM32F3xx_HAL_Driver/Src/stm32f3xx_hal_rcc_ex.c.obj
LOAD CMakeFiles/lens_motor_driver.dir/Drivers/STM32F3xx_HAL_Driver/Src/stm32f3xx_hal_gpio.c.obj
LOAD CMakeFiles/lens_motor_driver.dir/Drivers/STM32F3xx_HAL_Driver/Src/stm32f3xx_hal_dma.c.obj
LOAD CMakeFiles/lens_motor_driver.dir/Drivers/STM32F3xx_HAL_Driver/Src/stm32f3xx_hal_cortex.c.obj
LOAD CMakeFiles/lens_motor_driver.dir/Drivers/STM32F3xx_HAL_Driver/Src/stm32f3xx_hal_pwr.c.obj
LOAD CMakeFiles/lens_motor_driver.dir/Drivers/STM32F3xx_HAL_Driver/Src/stm32f3xx_hal_pwr_ex.c.obj
LOAD CMakeFiles/lens_motor_driver.dir/Drivers/STM32F3xx_HAL_Driver/Src/stm32f3xx_hal_flash.c.obj
LOAD CMakeFiles/lens_motor_driver.dir/Drivers/STM32F3xx_HAL_Driver/Src/stm32f3xx_hal_flash_ex.c.obj
LOAD CMakeFiles/lens_motor_driver.dir/Drivers/STM32F3xx_HAL_Driver/Src/stm32f3xx_hal_i2c.c.obj
LOAD CMakeFiles/lens_motor_driver.dir/Drivers/STM32F3xx_HAL_Driver/Src/stm32f3xx_hal_i2c_ex.c.obj
LOAD CMakeFiles/lens_motor_driver.dir/Drivers/STM32F3xx_HAL_Driver/Src/stm32f3xx_hal_exti.c.obj
LOAD CMakeFiles/lens_motor_driver.dir/Drivers/STM32F3xx_HAL_Driver/Src/stm32f3xx_hal_tim.c.obj
LOAD CMakeFiles/lens_motor_driver.dir/Drivers/STM32F3xx_HAL_Driver/Src/stm32f3xx_hal_tim_ex.c.obj
LOAD CMakeFiles/lens_motor_driver.dir/Core/Src/system_stm32f3xx.c.obj
LOAD CMakeFiles/lens_motor_driver.dir/Middlewares/Third_Party/FreeRTOS/Source/croutine.c.obj
LOAD CMakeFiles/lens_motor_driver.dir/Middlewares/Third_Party/FreeRTOS/Source/event_groups.c.obj
LOAD CMakeFiles/lens_motor_driver.dir/Middlewares/Third_Party/FreeRTOS/Source/list.c.obj
LOAD CMakeFiles/lens_motor_driver.dir/Middlewares/Third_Party/FreeRTOS/Source/queue.c.obj
LOAD CMakeFiles/lens_motor_driver.dir/Middlewares/Third_Party/FreeRTOS/Source/stream_buffer.c.obj
LOAD CMakeFiles/lens_motor_driver.dir/Middlewares/Third_Party/FreeRTOS/Source/tasks.c.obj
LOAD CMakeFiles/lens_motor_driver.dir/Middlewares/Third_Party/FreeRTOS/Source/timers.c.obj
LOAD CMakeFiles/lens_motor_driver.dir/Middlewares/Third_Party/FreeRTOS/Source/CMSIS_RTOS_V2/cmsis_os2.c.obj
LOAD CMakeFiles/lens_motor_driver.dir/Middlewares/Third_Party/FreeRTOS/Source/portable/MemMang/heap_4.c.obj
LOAD CMakeFiles/lens_motor_driver.dir/Middlewares/Third_Party/FreeRTOS/Source/portable/GCC/ARM_CM4F/port.c.obj
LOAD CMakeFiles/lens_motor_driver.dir/Core/Src/sysmem.c.obj
LOAD CMakeFiles/lens_motor_driver.dir/Core/Src/syscalls.c.obj
LOAD CMakeFiles/lens_motor_driver.dir/startup_stm32f302xc.s.obj
LOAD E:/ScoopApps/apps/gcc-arm-none-eabi/current/bin/../lib/gcc/arm-none-eabi/13.3.1/thumb/v7e-m+fp/hard\libstdc++_nano.a
LOAD E:/ScoopApps/apps/gcc-arm-none-eabi/current/bin/../lib/gcc/arm-none-eabi/13.3.1/thumb/v7e-m+fp/hard\libm.a
LOAD E:/ScoopApps/apps/gcc-arm-none-eabi/current/bin/../lib/gcc/arm-none-eabi/13.3.1/thumb/v7e-m+fp/hard\libc_nano.a
START GROUP
LOAD E:/ScoopApps/apps/gcc-arm-none-eabi/current/bin/../lib/gcc/arm-none-eabi/13.3.1/thumb/v7e-m+fp/hard\libgcc.a
LOAD E:/ScoopApps/apps/gcc-arm-none-eabi/current/bin/../lib/gcc/arm-none-eabi/13.3.1/thumb/v7e-m+fp/hard\libg_nano.a
LOAD E:/ScoopApps/apps/gcc-arm-none-eabi/current/bin/../lib/gcc/arm-none-eabi/13.3.1/thumb/v7e-m+fp/hard\libc_nano.a
END GROUP
START GROUP
LOAD E:/ScoopApps/apps/gcc-arm-none-eabi/current/bin/../lib/gcc/arm-none-eabi/13.3.1/thumb/v7e-m+fp/hard\libgcc.a
LOAD E:/ScoopApps/apps/gcc-arm-none-eabi/current/bin/../lib/gcc/arm-none-eabi/13.3.1/thumb/v7e-m+fp/hard\libc_nano.a
END GROUP
LOAD E:/ScoopApps/apps/gcc-arm-none-eabi/current/bin/../lib/gcc/arm-none-eabi/13.3.1/thumb/v7e-m+fp/hard/crtend.o
LOAD E:/ScoopApps/apps/gcc-arm-none-eabi/current/bin/../lib/gcc/arm-none-eabi/13.3.1/thumb/v7e-m+fp/hard/crtn.o
                0x20008000                        _estack = (ORIGIN (RAM) + LENGTH (RAM))
                0x00000200                        _Min_Heap_Size = 0x200
                0x00000400                        _Min_Stack_Size = 0x400

.isr_vector     0x08000000      0x188
                0x08000000                        . = ALIGN (0x4)
 *(.isr_vector)
 .isr_vector    0x08000000      0x188 CMakeFiles/lens_motor_driver.dir/startup_stm32f302xc.s.obj
                0x08000000                g_pfnVectors
                0x08000188                        . = ALIGN (0x4)

.text           0x08000190     0x4b3c
                0x08000190                        . = ALIGN (0x4)
 *(.text)
 *(.text*)
 .text.deregister_tm_clones
                0x08000190       0x1c E:/ScoopApps/apps/gcc-arm-none-eabi/current/bin/../lib/gcc/arm-none-eabi/13.3.1/thumb/v7e-m+fp/hard/crtbegin.o
 .text.register_tm_clones
                0x080001ac       0x24 E:/ScoopApps/apps/gcc-arm-none-eabi/current/bin/../lib/gcc/arm-none-eabi/13.3.1/thumb/v7e-m+fp/hard/crtbegin.o
 .text.__do_global_dtors_aux
                0x080001d0       0x28 E:/ScoopApps/apps/gcc-arm-none-eabi/current/bin/../lib/gcc/arm-none-eabi/13.3.1/thumb/v7e-m+fp/hard/crtbegin.o
 .text.frame_dummy
                0x080001f8       0x24 E:/ScoopApps/apps/gcc-arm-none-eabi/current/bin/../lib/gcc/arm-none-eabi/13.3.1/thumb/v7e-m+fp/hard/crtbegin.o
 .text.main     0x0800021c       0x20 CMakeFiles/lens_motor_driver.dir/Core/Src/main.cpp.obj
                0x0800021c                main
 .text.SystemClock_Config
                0x0800023c       0x82 CMakeFiles/lens_motor_driver.dir/Core/Src/main.cpp.obj
                0x0800023c                SystemClock_Config
 *fill*         0x080002be        0x2 
 .text.HAL_TIM_PeriodElapsedCallback
                0x080002c0       0x24 CMakeFiles/lens_motor_driver.dir/Core/Src/main.cpp.obj
                0x080002c0                HAL_TIM_PeriodElapsedCallback
 .text.Error_Handler
                0x080002e4        0xc CMakeFiles/lens_motor_driver.dir/Core/Src/main.cpp.obj
                0x080002e4                Error_Handler
 .text.MX_GPIO_Init
                0x080002f0       0x48 CMakeFiles/lens_motor_driver.dir/Core/Src/gpio.c.obj
                0x080002f0                MX_GPIO_Init
 .text.MX_FREERTOS_Init
                0x08000338       0x24 CMakeFiles/lens_motor_driver.dir/Core/Src/freertos.c.obj
                0x08000338                MX_FREERTOS_Init
 .text.StartDefaultTask
                0x0800035c       0x10 CMakeFiles/lens_motor_driver.dir/Core/Src/freertos.c.obj
                0x0800035c                StartDefaultTask
 .text.NMI_Handler
                0x0800036c        0x8 CMakeFiles/lens_motor_driver.dir/Core/Src/stm32f3xx_it.c.obj
                0x0800036c                NMI_Handler
 .text.HardFault_Handler
                0x08000374        0x8 CMakeFiles/lens_motor_driver.dir/Core/Src/stm32f3xx_it.c.obj
                0x08000374                HardFault_Handler
 .text.MemManage_Handler
                0x0800037c        0x8 CMakeFiles/lens_motor_driver.dir/Core/Src/stm32f3xx_it.c.obj
                0x0800037c                MemManage_Handler
 .text.BusFault_Handler
                0x08000384        0x8 CMakeFiles/lens_motor_driver.dir/Core/Src/stm32f3xx_it.c.obj
                0x08000384                BusFault_Handler
 .text.UsageFault_Handler
                0x0800038c        0x8 CMakeFiles/lens_motor_driver.dir/Core/Src/stm32f3xx_it.c.obj
                0x0800038c                UsageFault_Handler
 .text.DebugMon_Handler
                0x08000394        0xe CMakeFiles/lens_motor_driver.dir/Core/Src/stm32f3xx_it.c.obj
                0x08000394                DebugMon_Handler
 *fill*         0x080003a2        0x2 
 .text.TIM6_DAC_IRQHandler
                0x080003a4       0x14 CMakeFiles/lens_motor_driver.dir/Core/Src/stm32f3xx_it.c.obj
                0x080003a4                TIM6_DAC_IRQHandler
 .text.HAL_MspInit
                0x080003b8       0x50 CMakeFiles/lens_motor_driver.dir/Core/Src/stm32f3xx_hal_msp.c.obj
                0x080003b8                HAL_MspInit
 .text.HAL_InitTick
                0x08000408       0xf4 CMakeFiles/lens_motor_driver.dir/Core/Src/stm32f3xx_hal_timebase_tim.c.obj
                0x08000408                HAL_InitTick
 .text.HAL_Init
                0x080004fc       0x2c CMakeFiles/lens_motor_driver.dir/Drivers/STM32F3xx_HAL_Driver/Src/stm32f3xx_hal.c.obj
                0x080004fc                HAL_Init
 .text.HAL_IncTick
                0x08000528       0x28 CMakeFiles/lens_motor_driver.dir/Drivers/STM32F3xx_HAL_Driver/Src/stm32f3xx_hal.c.obj
                0x08000528                HAL_IncTick
 .text.HAL_GetTick
                0x08000550       0x18 CMakeFiles/lens_motor_driver.dir/Drivers/STM32F3xx_HAL_Driver/Src/stm32f3xx_hal.c.obj
                0x08000550                HAL_GetTick
 .text.HAL_RCC_OscConfig
                0x08000568     0x101c CMakeFiles/lens_motor_driver.dir/Drivers/STM32F3xx_HAL_Driver/Src/stm32f3xx_hal_rcc.c.obj
                0x08000568                HAL_RCC_OscConfig
 .text.HAL_RCC_ClockConfig
                0x08001584      0x2dc CMakeFiles/lens_motor_driver.dir/Drivers/STM32F3xx_HAL_Driver/Src/stm32f3xx_hal_rcc.c.obj
                0x08001584                HAL_RCC_ClockConfig
 .text.HAL_RCC_GetSysClockFreq
                0x08001860       0xa8 CMakeFiles/lens_motor_driver.dir/Drivers/STM32F3xx_HAL_Driver/Src/stm32f3xx_hal_rcc.c.obj
                0x08001860                HAL_RCC_GetSysClockFreq
 .text.HAL_RCC_GetHCLKFreq
                0x08001908       0x18 CMakeFiles/lens_motor_driver.dir/Drivers/STM32F3xx_HAL_Driver/Src/stm32f3xx_hal_rcc.c.obj
                0x08001908                HAL_RCC_GetHCLKFreq
 .text.HAL_RCC_GetPCLK1Freq
                0x08001920       0x44 CMakeFiles/lens_motor_driver.dir/Drivers/STM32F3xx_HAL_Driver/Src/stm32f3xx_hal_rcc.c.obj
                0x08001920                HAL_RCC_GetPCLK1Freq
 .text.HAL_RCC_GetClockConfig
                0x08001964       0x64 CMakeFiles/lens_motor_driver.dir/Drivers/STM32F3xx_HAL_Driver/Src/stm32f3xx_hal_rcc.c.obj
                0x08001964                HAL_RCC_GetClockConfig
 .text.__NVIC_SetPriorityGrouping
                0x080019c8       0x48 CMakeFiles/lens_motor_driver.dir/Drivers/STM32F3xx_HAL_Driver/Src/stm32f3xx_hal_cortex.c.obj
 .text.__NVIC_GetPriorityGrouping
                0x08001a10       0x1c CMakeFiles/lens_motor_driver.dir/Drivers/STM32F3xx_HAL_Driver/Src/stm32f3xx_hal_cortex.c.obj
 .text.__NVIC_EnableIRQ
                0x08001a2c       0x3c CMakeFiles/lens_motor_driver.dir/Drivers/STM32F3xx_HAL_Driver/Src/stm32f3xx_hal_cortex.c.obj
 .text.__NVIC_SetPriority
                0x08001a68       0x54 CMakeFiles/lens_motor_driver.dir/Drivers/STM32F3xx_HAL_Driver/Src/stm32f3xx_hal_cortex.c.obj
 .text.NVIC_EncodePriority
                0x08001abc       0x66 CMakeFiles/lens_motor_driver.dir/Drivers/STM32F3xx_HAL_Driver/Src/stm32f3xx_hal_cortex.c.obj
 .text.HAL_NVIC_SetPriorityGrouping
                0x08001b22       0x16 CMakeFiles/lens_motor_driver.dir/Drivers/STM32F3xx_HAL_Driver/Src/stm32f3xx_hal_cortex.c.obj
                0x08001b22                HAL_NVIC_SetPriorityGrouping
 .text.HAL_NVIC_SetPriority
                0x08001b38       0x38 CMakeFiles/lens_motor_driver.dir/Drivers/STM32F3xx_HAL_Driver/Src/stm32f3xx_hal_cortex.c.obj
                0x08001b38                HAL_NVIC_SetPriority
 .text.HAL_NVIC_EnableIRQ
                0x08001b70       0x1c CMakeFiles/lens_motor_driver.dir/Drivers/STM32F3xx_HAL_Driver/Src/stm32f3xx_hal_cortex.c.obj
                0x08001b70                HAL_NVIC_EnableIRQ
 .text.HAL_TIM_Base_Init
                0x08001b8c       0xae CMakeFiles/lens_motor_driver.dir/Drivers/STM32F3xx_HAL_Driver/Src/stm32f3xx_hal_tim.c.obj
                0x08001b8c                HAL_TIM_Base_Init
 .text.HAL_TIM_Base_MspInit
                0x08001c3a       0x14 CMakeFiles/lens_motor_driver.dir/Drivers/STM32F3xx_HAL_Driver/Src/stm32f3xx_hal_tim.c.obj
                0x08001c3a                HAL_TIM_Base_MspInit
 *fill*         0x08001c4e        0x2 
 .text.HAL_TIM_Base_Start_IT
                0x08001c50       0xc4 CMakeFiles/lens_motor_driver.dir/Drivers/STM32F3xx_HAL_Driver/Src/stm32f3xx_hal_tim.c.obj
                0x08001c50                HAL_TIM_Base_Start_IT
 .text.HAL_TIM_IRQHandler
                0x08001d14      0x204 CMakeFiles/lens_motor_driver.dir/Drivers/STM32F3xx_HAL_Driver/Src/stm32f3xx_hal_tim.c.obj
                0x08001d14                HAL_TIM_IRQHandler
 .text.HAL_TIM_OC_DelayElapsedCallback
                0x08001f18       0x14 CMakeFiles/lens_motor_driver.dir/Drivers/STM32F3xx_HAL_Driver/Src/stm32f3xx_hal_tim.c.obj
                0x08001f18                HAL_TIM_OC_DelayElapsedCallback
 .text.HAL_TIM_IC_CaptureCallback
                0x08001f2c       0x14 CMakeFiles/lens_motor_driver.dir/Drivers/STM32F3xx_HAL_Driver/Src/stm32f3xx_hal_tim.c.obj
                0x08001f2c                HAL_TIM_IC_CaptureCallback
 .text.HAL_TIM_PWM_PulseFinishedCallback
                0x08001f40       0x14 CMakeFiles/lens_motor_driver.dir/Drivers/STM32F3xx_HAL_Driver/Src/stm32f3xx_hal_tim.c.obj
                0x08001f40                HAL_TIM_PWM_PulseFinishedCallback
 .text.HAL_TIM_TriggerCallback
                0x08001f54       0x14 CMakeFiles/lens_motor_driver.dir/Drivers/STM32F3xx_HAL_Driver/Src/stm32f3xx_hal_tim.c.obj
                0x08001f54                HAL_TIM_TriggerCallback
 .text.TIM_Base_SetConfig
                0x08001f68      0x11c CMakeFiles/lens_motor_driver.dir/Drivers/STM32F3xx_HAL_Driver/Src/stm32f3xx_hal_tim.c.obj
                0x08001f68                TIM_Base_SetConfig
 .text.HAL_TIMEx_CommutCallback
                0x08002084       0x14 CMakeFiles/lens_motor_driver.dir/Drivers/STM32F3xx_HAL_Driver/Src/stm32f3xx_hal_tim_ex.c.obj
                0x08002084                HAL_TIMEx_CommutCallback
 .text.HAL_TIMEx_BreakCallback
                0x08002098       0x14 CMakeFiles/lens_motor_driver.dir/Drivers/STM32F3xx_HAL_Driver/Src/stm32f3xx_hal_tim_ex.c.obj
                0x08002098                HAL_TIMEx_BreakCallback
 .text.HAL_TIMEx_Break2Callback
                0x080020ac       0x14 CMakeFiles/lens_motor_driver.dir/Drivers/STM32F3xx_HAL_Driver/Src/stm32f3xx_hal_tim_ex.c.obj
                0x080020ac                HAL_TIMEx_Break2Callback
 .text.SystemInit
                0x080020c0       0x24 CMakeFiles/lens_motor_driver.dir/Core/Src/system_stm32f3xx.c.obj
                0x080020c0                SystemInit
 .text.vListInitialise
                0x080020e4       0x40 CMakeFiles/lens_motor_driver.dir/Middlewares/Third_Party/FreeRTOS/Source/list.c.obj
                0x080020e4                vListInitialise
 .text.vListInitialiseItem
                0x08002124       0x1a CMakeFiles/lens_motor_driver.dir/Middlewares/Third_Party/FreeRTOS/Source/list.c.obj
                0x08002124                vListInitialiseItem
 .text.vListInsertEnd
                0x0800213e       0x48 CMakeFiles/lens_motor_driver.dir/Middlewares/Third_Party/FreeRTOS/Source/list.c.obj
                0x0800213e                vListInsertEnd
 .text.vListInsert
                0x08002186       0x72 CMakeFiles/lens_motor_driver.dir/Middlewares/Third_Party/FreeRTOS/Source/list.c.obj
                0x08002186                vListInsert
 .text.uxListRemove
                0x080021f8       0x54 CMakeFiles/lens_motor_driver.dir/Middlewares/Third_Party/FreeRTOS/Source/list.c.obj
                0x080021f8                uxListRemove
 .text.xQueueGenericReset
                0x0800224c       0xd4 CMakeFiles/lens_motor_driver.dir/Middlewares/Third_Party/FreeRTOS/Source/queue.c.obj
                0x0800224c                xQueueGenericReset
 .text.xQueueGenericCreateStatic
                0x08002320       0xf8 CMakeFiles/lens_motor_driver.dir/Middlewares/Third_Party/FreeRTOS/Source/queue.c.obj
                0x08002320                xQueueGenericCreateStatic
 .text.prvInitialiseNewQueue
                0x08002418       0x46 CMakeFiles/lens_motor_driver.dir/Middlewares/Third_Party/FreeRTOS/Source/queue.c.obj
 *fill*         0x0800245e        0x2 
 .text.xQueueGenericSend
                0x08002460      0x204 CMakeFiles/lens_motor_driver.dir/Middlewares/Third_Party/FreeRTOS/Source/queue.c.obj
                0x08002460                xQueueGenericSend
 .text.xQueueGenericSendFromISR
                0x08002664      0x136 CMakeFiles/lens_motor_driver.dir/Middlewares/Third_Party/FreeRTOS/Source/queue.c.obj
                0x08002664                xQueueGenericSendFromISR
 *fill*         0x0800279a        0x2 
 .text.xQueueReceive
                0x0800279c      0x1c4 CMakeFiles/lens_motor_driver.dir/Middlewares/Third_Party/FreeRTOS/Source/queue.c.obj
                0x0800279c                xQueueReceive
 .text.prvCopyDataToQueue
                0x08002960       0xd4 CMakeFiles/lens_motor_driver.dir/Middlewares/Third_Party/FreeRTOS/Source/queue.c.obj
 .text.prvCopyDataFromQueue
                0x08002a34       0x4c CMakeFiles/lens_motor_driver.dir/Middlewares/Third_Party/FreeRTOS/Source/queue.c.obj
 .text.prvUnlockQueue
                0x08002a80       0xa4 CMakeFiles/lens_motor_driver.dir/Middlewares/Third_Party/FreeRTOS/Source/queue.c.obj
 .text.prvIsQueueEmpty
                0x08002b24       0x2c CMakeFiles/lens_motor_driver.dir/Middlewares/Third_Party/FreeRTOS/Source/queue.c.obj
 .text.prvIsQueueFull
                0x08002b50       0x30 CMakeFiles/lens_motor_driver.dir/Middlewares/Third_Party/FreeRTOS/Source/queue.c.obj
 .text.vQueueAddToRegistry
                0x08002b80       0x54 CMakeFiles/lens_motor_driver.dir/Middlewares/Third_Party/FreeRTOS/Source/queue.c.obj
                0x08002b80                vQueueAddToRegistry
 .text.vQueueWaitForMessageRestricted
                0x08002bd4       0x68 CMakeFiles/lens_motor_driver.dir/Middlewares/Third_Party/FreeRTOS/Source/queue.c.obj
                0x08002bd4                vQueueWaitForMessageRestricted
 .text.xTaskCreateStatic
                0x08002c3c       0xbe CMakeFiles/lens_motor_driver.dir/Middlewares/Third_Party/FreeRTOS/Source/tasks.c.obj
                0x08002c3c                xTaskCreateStatic
 .text.xTaskCreate
                0x08002cfa       0x8a CMakeFiles/lens_motor_driver.dir/Middlewares/Third_Party/FreeRTOS/Source/tasks.c.obj
                0x08002cfa                xTaskCreate
 .text.prvInitialiseNewTask
                0x08002d84      0x110 CMakeFiles/lens_motor_driver.dir/Middlewares/Third_Party/FreeRTOS/Source/tasks.c.obj
 .text.prvAddNewTaskToReadyList
                0x08002e94       0xe0 CMakeFiles/lens_motor_driver.dir/Middlewares/Third_Party/FreeRTOS/Source/tasks.c.obj
 .text.vTaskDelay
                0x08002f74       0x6c CMakeFiles/lens_motor_driver.dir/Middlewares/Third_Party/FreeRTOS/Source/tasks.c.obj
                0x08002f74                vTaskDelay
 .text.vTaskStartScheduler
                0x08002fe0       0xd0 CMakeFiles/lens_motor_driver.dir/Middlewares/Third_Party/FreeRTOS/Source/tasks.c.obj
                0x08002fe0                vTaskStartScheduler
 .text.vTaskSuspendAll
                0x080030b0       0x1c CMakeFiles/lens_motor_driver.dir/Middlewares/Third_Party/FreeRTOS/Source/tasks.c.obj
                0x080030b0                vTaskSuspendAll
 .text.xTaskResumeAll
                0x080030cc      0x13c CMakeFiles/lens_motor_driver.dir/Middlewares/Third_Party/FreeRTOS/Source/tasks.c.obj
                0x080030cc                xTaskResumeAll
 .text.xTaskGetTickCount
                0x08003208       0x20 CMakeFiles/lens_motor_driver.dir/Middlewares/Third_Party/FreeRTOS/Source/tasks.c.obj
                0x08003208                xTaskGetTickCount
 .text.xTaskIncrementTick
                0x08003228      0x180 CMakeFiles/lens_motor_driver.dir/Middlewares/Third_Party/FreeRTOS/Source/tasks.c.obj
                0x08003228                xTaskIncrementTick
 .text.vTaskSwitchContext
                0x080033a8       0xbc CMakeFiles/lens_motor_driver.dir/Middlewares/Third_Party/FreeRTOS/Source/tasks.c.obj
                0x080033a8                vTaskSwitchContext
 .text.vTaskPlaceOnEventList
                0x08003464       0x4c CMakeFiles/lens_motor_driver.dir/Middlewares/Third_Party/FreeRTOS/Source/tasks.c.obj
                0x08003464                vTaskPlaceOnEventList
 .text.vTaskPlaceOnEventListRestricted
                0x080034b0       0x58 CMakeFiles/lens_motor_driver.dir/Middlewares/Third_Party/FreeRTOS/Source/tasks.c.obj
                0x080034b0                vTaskPlaceOnEventListRestricted
 .text.xTaskRemoveFromEventList
                0x08003508       0xc8 CMakeFiles/lens_motor_driver.dir/Middlewares/Third_Party/FreeRTOS/Source/tasks.c.obj
                0x08003508                xTaskRemoveFromEventList
 .text.vTaskInternalSetTimeOutState
                0x080035d0       0x2c CMakeFiles/lens_motor_driver.dir/Middlewares/Third_Party/FreeRTOS/Source/tasks.c.obj
                0x080035d0                vTaskInternalSetTimeOutState
 .text.xTaskCheckForTimeOut
                0x080035fc       0xc8 CMakeFiles/lens_motor_driver.dir/Middlewares/Third_Party/FreeRTOS/Source/tasks.c.obj
                0x080035fc                xTaskCheckForTimeOut
 .text.vTaskMissedYield
                0x080036c4       0x18 CMakeFiles/lens_motor_driver.dir/Middlewares/Third_Party/FreeRTOS/Source/tasks.c.obj
                0x080036c4                vTaskMissedYield
 .text.prvIdleTask
                0x080036dc       0x30 CMakeFiles/lens_motor_driver.dir/Middlewares/Third_Party/FreeRTOS/Source/tasks.c.obj
 .text.prvInitialiseTaskLists
                0x0800370c       0x80 CMakeFiles/lens_motor_driver.dir/Middlewares/Third_Party/FreeRTOS/Source/tasks.c.obj
 .text.prvCheckTasksWaitingTermination
                0x0800378c       0x5c CMakeFiles/lens_motor_driver.dir/Middlewares/Third_Party/FreeRTOS/Source/tasks.c.obj
 .text.prvDeleteTCB
                0x080037e8       0x60 CMakeFiles/lens_motor_driver.dir/Middlewares/Third_Party/FreeRTOS/Source/tasks.c.obj
 .text.prvResetNextTaskUnblockTime
                0x08003848       0x4c CMakeFiles/lens_motor_driver.dir/Middlewares/Third_Party/FreeRTOS/Source/tasks.c.obj
 .text.xTaskGetSchedulerState
                0x08003894       0x3c CMakeFiles/lens_motor_driver.dir/Middlewares/Third_Party/FreeRTOS/Source/tasks.c.obj
                0x08003894                xTaskGetSchedulerState
 .text.xTaskPriorityDisinherit
                0x080038d0       0xe0 CMakeFiles/lens_motor_driver.dir/Middlewares/Third_Party/FreeRTOS/Source/tasks.c.obj
                0x080038d0                xTaskPriorityDisinherit
 .text.prvAddCurrentTaskToDelayedList
                0x080039b0       0xa8 CMakeFiles/lens_motor_driver.dir/Middlewares/Third_Party/FreeRTOS/Source/tasks.c.obj
 .text.xTimerCreateTimerTask
                0x08003a58       0x94 CMakeFiles/lens_motor_driver.dir/Middlewares/Third_Party/FreeRTOS/Source/timers.c.obj
                0x08003a58                xTimerCreateTimerTask
 .text.xTimerGenericCommand
                0x08003aec       0x9c CMakeFiles/lens_motor_driver.dir/Middlewares/Third_Party/FreeRTOS/Source/timers.c.obj
                0x08003aec                xTimerGenericCommand
 .text.prvProcessExpiredTimer
                0x08003b88       0x84 CMakeFiles/lens_motor_driver.dir/Middlewares/Third_Party/FreeRTOS/Source/timers.c.obj
 .text.prvTimerTask
                0x08003c0c       0x26 CMakeFiles/lens_motor_driver.dir/Middlewares/Third_Party/FreeRTOS/Source/timers.c.obj
 *fill*         0x08003c32        0x2 
 .text.prvProcessTimerOrBlockTask
                0x08003c34       0x9c CMakeFiles/lens_motor_driver.dir/Middlewares/Third_Party/FreeRTOS/Source/timers.c.obj
 .text.prvGetNextExpireTime
                0x08003cd0       0x48 CMakeFiles/lens_motor_driver.dir/Middlewares/Third_Party/FreeRTOS/Source/timers.c.obj
 .text.prvSampleTimeNow
                0x08003d18       0x40 CMakeFiles/lens_motor_driver.dir/Middlewares/Third_Party/FreeRTOS/Source/timers.c.obj
 .text.prvInsertTimerInActiveList
                0x08003d58       0x84 CMakeFiles/lens_motor_driver.dir/Middlewares/Third_Party/FreeRTOS/Source/timers.c.obj
 .text.prvProcessReceivedCommands
                0x08003ddc      0x178 CMakeFiles/lens_motor_driver.dir/Middlewares/Third_Party/FreeRTOS/Source/timers.c.obj
 .text.prvSwitchTimerLists
                0x08003f54       0xc4 CMakeFiles/lens_motor_driver.dir/Middlewares/Third_Party/FreeRTOS/Source/timers.c.obj
 .text.prvCheckForValidListAndQueue
                0x08004018       0x80 CMakeFiles/lens_motor_driver.dir/Middlewares/Third_Party/FreeRTOS/Source/timers.c.obj
 .text.osKernelInitialize
                0x08004098       0x68 CMakeFiles/lens_motor_driver.dir/Middlewares/Third_Party/FreeRTOS/Source/CMSIS_RTOS_V2/cmsis_os2.c.obj
                0x08004098                osKernelInitialize
 .text.osKernelStart
                0x08004100       0x68 CMakeFiles/lens_motor_driver.dir/Middlewares/Third_Party/FreeRTOS/Source/CMSIS_RTOS_V2/cmsis_os2.c.obj
                0x08004100                osKernelStart
 .text.osThreadNew
                0x08004168      0x154 CMakeFiles/lens_motor_driver.dir/Middlewares/Third_Party/FreeRTOS/Source/CMSIS_RTOS_V2/cmsis_os2.c.obj
                0x08004168                osThreadNew
 .text.osDelay  0x080042bc       0x5c CMakeFiles/lens_motor_driver.dir/Middlewares/Third_Party/FreeRTOS/Source/CMSIS_RTOS_V2/cmsis_os2.c.obj
                0x080042bc                osDelay
 .text.vApplicationGetIdleTaskMemory
                0x08004318       0x34 CMakeFiles/lens_motor_driver.dir/Middlewares/Third_Party/FreeRTOS/Source/CMSIS_RTOS_V2/cmsis_os2.c.obj
                0x08004318                vApplicationGetIdleTaskMemory
 .text.vApplicationGetTimerTaskMemory
                0x0800434c       0x34 CMakeFiles/lens_motor_driver.dir/Middlewares/Third_Party/FreeRTOS/Source/CMSIS_RTOS_V2/cmsis_os2.c.obj
                0x0800434c                vApplicationGetTimerTaskMemory
 .text.pvPortMalloc
                0x08004380      0x190 CMakeFiles/lens_motor_driver.dir/Middlewares/Third_Party/FreeRTOS/Source/portable/MemMang/heap_4.c.obj
                0x08004380                pvPortMalloc
 .text.vPortFree
                0x08004510       0xb8 CMakeFiles/lens_motor_driver.dir/Middlewares/Third_Party/FreeRTOS/Source/portable/MemMang/heap_4.c.obj
                0x08004510                vPortFree
 .text.prvHeapInit
                0x080045c8       0xc4 CMakeFiles/lens_motor_driver.dir/Middlewares/Third_Party/FreeRTOS/Source/portable/MemMang/heap_4.c.obj
 .text.prvInsertBlockIntoFreeList
                0x0800468c       0xb4 CMakeFiles/lens_motor_driver.dir/Middlewares/Third_Party/FreeRTOS/Source/portable/MemMang/heap_4.c.obj
 .text.pxPortInitialiseStack
                0x08004740       0x68 CMakeFiles/lens_motor_driver.dir/Middlewares/Third_Party/FreeRTOS/Source/portable/GCC/ARM_CM4F/port.c.obj
                0x08004740                pxPortInitialiseStack
 .text.prvTaskExitError
                0x080047a8       0x5c CMakeFiles/lens_motor_driver.dir/Middlewares/Third_Party/FreeRTOS/Source/portable/GCC/ARM_CM4F/port.c.obj
 *fill*         0x08004804        0xc 
 .text.SVC_Handler
                0x08004810       0x28 CMakeFiles/lens_motor_driver.dir/Middlewares/Third_Party/FreeRTOS/Source/portable/GCC/ARM_CM4F/port.c.obj
                0x08004810                SVC_Handler
 .text.prvPortStartFirstTask
                0x08004838       0x28 CMakeFiles/lens_motor_driver.dir/Middlewares/Third_Party/FreeRTOS/Source/portable/GCC/ARM_CM4F/port.c.obj
 .text.xPortStartScheduler
                0x08004860      0x148 CMakeFiles/lens_motor_driver.dir/Middlewares/Third_Party/FreeRTOS/Source/portable/GCC/ARM_CM4F/port.c.obj
                0x08004860                xPortStartScheduler
 .text.vPortEnterCritical
                0x080049a8       0x64 CMakeFiles/lens_motor_driver.dir/Middlewares/Third_Party/FreeRTOS/Source/portable/GCC/ARM_CM4F/port.c.obj
                0x080049a8                vPortEnterCritical
 .text.vPortExitCritical
                0x08004a0c       0x54 CMakeFiles/lens_motor_driver.dir/Middlewares/Third_Party/FreeRTOS/Source/portable/GCC/ARM_CM4F/port.c.obj
                0x08004a0c                vPortExitCritical
 .text.PendSV_Handler
                0x08004a60       0x68 CMakeFiles/lens_motor_driver.dir/Middlewares/Third_Party/FreeRTOS/Source/portable/GCC/ARM_CM4F/port.c.obj
                0x08004a60                PendSV_Handler
 .text.SysTick_Handler
                0x08004ac8       0x44 CMakeFiles/lens_motor_driver.dir/Middlewares/Third_Party/FreeRTOS/Source/portable/GCC/ARM_CM4F/port.c.obj
                0x08004ac8                SysTick_Handler
 .text.vPortSetupTimerInterrupt
                0x08004b0c       0x48 CMakeFiles/lens_motor_driver.dir/Middlewares/Third_Party/FreeRTOS/Source/portable/GCC/ARM_CM4F/port.c.obj
                0x08004b0c                vPortSetupTimerInterrupt
 .text.vPortEnableVFP
                0x08004b54       0x14 CMakeFiles/lens_motor_driver.dir/Middlewares/Third_Party/FreeRTOS/Source/portable/GCC/ARM_CM4F/port.c.obj
 .text.vPortValidateInterruptPriority
                0x08004b68       0x84 CMakeFiles/lens_motor_driver.dir/Middlewares/Third_Party/FreeRTOS/Source/portable/GCC/ARM_CM4F/port.c.obj
                0x08004b68                vPortValidateInterruptPriority
 .text.Reset_Handler
                0x08004bec       0x50 CMakeFiles/lens_motor_driver.dir/startup_stm32f302xc.s.obj
                0x08004bec                Reset_Handler
 .text.Default_Handler
                0x08004c3c        0x2 CMakeFiles/lens_motor_driver.dir/startup_stm32f302xc.s.obj
                0x08004c3c                RTC_Alarm_IRQHandler
                0x08004c3c                TIM1_CC_IRQHandler
                0x08004c3c                USB_HP_IRQHandler
                0x08004c3c                PVD_IRQHandler
                0x08004c3c                TAMP_STAMP_IRQHandler
                0x08004c3c                EXTI3_IRQHandler
                0x08004c3c                USB_HP_CAN_TX_IRQHandler
                0x08004c3c                EXTI0_IRQHandler
                0x08004c3c                I2C2_EV_IRQHandler
                0x08004c3c                FPU_IRQHandler
                0x08004c3c                TIM1_UP_TIM16_IRQHandler
                0x08004c3c                ADC1_2_IRQHandler
                0x08004c3c                SPI1_IRQHandler
                0x08004c3c                CAN_SCE_IRQHandler
                0x08004c3c                DMA2_Channel2_IRQHandler
                0x08004c3c                DMA1_Channel4_IRQHandler
                0x08004c3c                USART3_IRQHandler
                0x08004c3c                DMA1_Channel7_IRQHandler
                0x08004c3c                UART5_IRQHandler
                0x08004c3c                TIM4_IRQHandler
                0x08004c3c                CAN_RX1_IRQHandler
                0x08004c3c                DMA2_Channel1_IRQHandler
                0x08004c3c                I2C1_EV_IRQHandler
                0x08004c3c                DMA1_Channel6_IRQHandler
                0x08004c3c                UART4_IRQHandler
                0x08004c3c                DMA2_Channel4_IRQHandler
                0x08004c3c                TIM3_IRQHandler
                0x08004c3c                RCC_IRQHandler
                0x08004c3c                DMA1_Channel1_IRQHandler
                0x08004c3c                Default_Handler
                0x08004c3c                USBWakeUp_RMP_IRQHandler
                0x08004c3c                EXTI15_10_IRQHandler
                0x08004c3c                EXTI9_5_IRQHandler
                0x08004c3c                RTC_WKUP_IRQHandler
                0x08004c3c                SPI2_IRQHandler
                0x08004c3c                USB_LP_CAN_RX0_IRQHandler
                0x08004c3c                DMA2_Channel5_IRQHandler
                0x08004c3c                DMA1_Channel5_IRQHandler
                0x08004c3c                USB_LP_IRQHandler
                0x08004c3c                EXTI4_IRQHandler
                0x08004c3c                COMP1_2_IRQHandler
                0x08004c3c                TIM1_TRG_COM_TIM17_IRQHandler
                0x08004c3c                DMA1_Channel3_IRQHandler
                0x08004c3c                WWDG_IRQHandler
                0x08004c3c                TIM2_IRQHandler
                0x08004c3c                EXTI1_IRQHandler
                0x08004c3c                COMP4_6_IRQHandler
                0x08004c3c                USART2_IRQHandler
                0x08004c3c                I2C2_ER_IRQHandler
                0x08004c3c                DMA1_Channel2_IRQHandler
                0x08004c3c                FLASH_IRQHandler
                0x08004c3c                USART1_IRQHandler
                0x08004c3c                SPI3_IRQHandler
                0x08004c3c                I2C1_ER_IRQHandler
                0x08004c3c                USBWakeUp_IRQHandler
                0x08004c3c                DMA2_Channel3_IRQHandler
                0x08004c3c                EXTI2_TSC_IRQHandler
                0x08004c3c                TIM1_BRK_TIM15_IRQHandler
 .text.memset   0x08004c3e       0x10 E:/ScoopApps/apps/gcc-arm-none-eabi/current/bin/../lib/gcc/arm-none-eabi/13.3.1/thumb/v7e-m+fp/hard\libc_nano.a(libc_a-memset.o)
                0x08004c3e                memset
 *fill*         0x08004c4e        0x2 
 .text.__libc_init_array
                0x08004c50       0x48 E:/ScoopApps/apps/gcc-arm-none-eabi/current/bin/../lib/gcc/arm-none-eabi/13.3.1/thumb/v7e-m+fp/hard\libc_nano.a(libc_a-init.o)
                0x08004c50                __libc_init_array
 .text.memcpy   0x08004c98       0x1c E:/ScoopApps/apps/gcc-arm-none-eabi/current/bin/../lib/gcc/arm-none-eabi/13.3.1/thumb/v7e-m+fp/hard\libc_nano.a(libc_a-memcpy-stub.o)
                0x08004c98                memcpy
 *(.glue_7)
 .glue_7        0x08004cb4        0x0 linker stubs
 *(.glue_7t)
 .glue_7t       0x08004cb4        0x0 linker stubs
 *(.eh_frame)
 .eh_frame      0x08004cb4        0x0 E:/ScoopApps/apps/gcc-arm-none-eabi/current/bin/../lib/gcc/arm-none-eabi/13.3.1/thumb/v7e-m+fp/hard/crtbegin.o
 *(.init)
 .init          0x08004cb4        0x4 E:/ScoopApps/apps/gcc-arm-none-eabi/current/bin/../lib/gcc/arm-none-eabi/13.3.1/thumb/v7e-m+fp/hard/crti.o
                0x08004cb4                _init
 .init          0x08004cb8        0x8 E:/ScoopApps/apps/gcc-arm-none-eabi/current/bin/../lib/gcc/arm-none-eabi/13.3.1/thumb/v7e-m+fp/hard/crtn.o
 *(.fini)
 .fini          0x08004cc0        0x4 E:/ScoopApps/apps/gcc-arm-none-eabi/current/bin/../lib/gcc/arm-none-eabi/13.3.1/thumb/v7e-m+fp/hard/crti.o
                0x08004cc0                _fini
 .fini          0x08004cc4        0x8 E:/ScoopApps/apps/gcc-arm-none-eabi/current/bin/../lib/gcc/arm-none-eabi/13.3.1/thumb/v7e-m+fp/hard/crtn.o
                0x08004ccc                        . = ALIGN (0x4)
                0x08004ccc                        _etext = .

.vfp11_veneer   0x08004ccc        0x0
 .vfp11_veneer  0x08004ccc        0x0 linker stubs

.v4_bx          0x08004ccc        0x0
 .v4_bx         0x08004ccc        0x0 linker stubs

.iplt           0x08004ccc        0x0
 .iplt          0x08004ccc        0x0 E:/ScoopApps/apps/gcc-arm-none-eabi/current/bin/../lib/gcc/arm-none-eabi/13.3.1/thumb/v7e-m+fp/hard/crtbegin.o

.rodata         0x08004ccc       0x80
                0x08004ccc                        . = ALIGN (0x4)
 *(.rodata)
 .rodata        0x08004ccc        0xc CMakeFiles/lens_motor_driver.dir/Core/Src/freertos.c.obj
 .rodata        0x08004cd8        0x5 CMakeFiles/lens_motor_driver.dir/Middlewares/Third_Party/FreeRTOS/Source/tasks.c.obj
 *fill*         0x08004cdd        0x3 
 .rodata        0x08004ce0        0xd CMakeFiles/lens_motor_driver.dir/Middlewares/Third_Party/FreeRTOS/Source/timers.c.obj
 *(.rodata*)
 *fill*         0x08004ced        0x3 
 .rodata.defaultTask_attributes
                0x08004cf0       0x24 CMakeFiles/lens_motor_driver.dir/Core/Src/freertos.c.obj
                0x08004cf0                defaultTask_attributes
 .rodata.aPLLMULFactorTable
                0x08004d14       0x10 CMakeFiles/lens_motor_driver.dir/Drivers/STM32F3xx_HAL_Driver/Src/stm32f3xx_hal_rcc.c.obj
 .rodata.aPredivFactorTable
                0x08004d24       0x10 CMakeFiles/lens_motor_driver.dir/Drivers/STM32F3xx_HAL_Driver/Src/stm32f3xx_hal_rcc.c.obj
 .rodata.AHBPrescTable
                0x08004d34       0x10 CMakeFiles/lens_motor_driver.dir/Core/Src/system_stm32f3xx.c.obj
                0x08004d34                AHBPrescTable
 .rodata.APBPrescTable
                0x08004d44        0x8 CMakeFiles/lens_motor_driver.dir/Core/Src/system_stm32f3xx.c.obj
                0x08004d44                APBPrescTable
                0x08004d4c                        . = ALIGN (0x4)

.rel.dyn        0x08004d4c        0x0
 .rel.iplt      0x08004d4c        0x0 E:/ScoopApps/apps/gcc-arm-none-eabi/current/bin/../lib/gcc/arm-none-eabi/13.3.1/thumb/v7e-m+fp/hard/crtbegin.o

.ARM.extab
 *(.ARM.extab* .gnu.linkonce.armextab.*)

.ARM            0x08004d4c        0x0
                0x08004d4c                        __exidx_start = .
 *(.ARM.exidx*)
                0x08004d4c                        __exidx_end = .

.preinit_array  0x08004d4c        0x0
                0x08004d4c                        PROVIDE (__preinit_array_start = .)
 *(.preinit_array*)
                0x08004d4c                        PROVIDE (__preinit_array_end = .)

.init_array     0x08004d4c        0x4
                0x08004d4c                        PROVIDE (__init_array_start = .)
 *(SORT_BY_NAME(.init_array.*))
 *(.init_array*)
 .init_array    0x08004d4c        0x4 E:/ScoopApps/apps/gcc-arm-none-eabi/current/bin/../lib/gcc/arm-none-eabi/13.3.1/thumb/v7e-m+fp/hard/crtbegin.o
                0x08004d50                        PROVIDE (__init_array_end = .)

.fini_array     0x08004d50        0x4
                [!provide]                        PROVIDE (__fini_array_start = .)
 *(SORT_BY_NAME(.fini_array.*))
 *(.fini_array*)
 .fini_array    0x08004d50        0x4 E:/ScoopApps/apps/gcc-arm-none-eabi/current/bin/../lib/gcc/arm-none-eabi/13.3.1/thumb/v7e-m+fp/hard/crtbegin.o
                [!provide]                        PROVIDE (__fini_array_end = .)
                0x08004d54                        _sidata = LOADADDR (.data)

.data           0x20000000       0x10 load address 0x08004d54
                0x20000000                        . = ALIGN (0x4)
                0x20000000                        _sdata = .
 *(.data)
 *(.data*)
 .data.uwTickPrio
                0x20000000        0x4 CMakeFiles/lens_motor_driver.dir/Drivers/STM32F3xx_HAL_Driver/Src/stm32f3xx_hal.c.obj
                0x20000000                uwTickPrio
 .data.uwTickFreq
                0x20000004        0x1 CMakeFiles/lens_motor_driver.dir/Drivers/STM32F3xx_HAL_Driver/Src/stm32f3xx_hal.c.obj
                0x20000004                uwTickFreq
 *fill*         0x20000005        0x3 
 .data.SystemCoreClock
                0x20000008        0x4 CMakeFiles/lens_motor_driver.dir/Core/Src/system_stm32f3xx.c.obj
                0x20000008                SystemCoreClock
 .data.uxCriticalNesting
                0x2000000c        0x4 CMakeFiles/lens_motor_driver.dir/Middlewares/Third_Party/FreeRTOS/Source/portable/GCC/ARM_CM4F/port.c.obj
                0x20000010                        . = ALIGN (0x4)
                0x20000010                        _edata = .

.tm_clone_table
                0x20000010        0x0 load address 0x08004d64
 .tm_clone_table
                0x20000010        0x0 E:/ScoopApps/apps/gcc-arm-none-eabi/current/bin/../lib/gcc/arm-none-eabi/13.3.1/thumb/v7e-m+fp/hard/crtbegin.o
 .tm_clone_table
                0x20000010        0x0 E:/ScoopApps/apps/gcc-arm-none-eabi/current/bin/../lib/gcc/arm-none-eabi/13.3.1/thumb/v7e-m+fp/hard/crtend.o

.igot.plt       0x20000010        0x0 load address 0x08004d64
 .igot.plt      0x20000010        0x0 E:/ScoopApps/apps/gcc-arm-none-eabi/current/bin/../lib/gcc/arm-none-eabi/13.3.1/thumb/v7e-m+fp/hard/crtbegin.o
                0x20000010                        . = ALIGN (0x4)

.bss            0x20000010     0x19b8 load address 0x08004d64
                0x20000010                        _sbss = .
                0x20000010                        __bss_start__ = _sbss
 *(.bss)
 *(.bss*)
 .bss.completed.1
                0x20000010        0x1 E:/ScoopApps/apps/gcc-arm-none-eabi/current/bin/../lib/gcc/arm-none-eabi/13.3.1/thumb/v7e-m+fp/hard/crtbegin.o
 *fill*         0x20000011        0x3 
 .bss.object.0  0x20000014       0x18 E:/ScoopApps/apps/gcc-arm-none-eabi/current/bin/../lib/gcc/arm-none-eabi/13.3.1/thumb/v7e-m+fp/hard/crtbegin.o
 .bss.defaultTaskHandle
                0x2000002c        0x4 CMakeFiles/lens_motor_driver.dir/Core/Src/freertos.c.obj
                0x2000002c                defaultTaskHandle
 .bss.htim6     0x20000030       0x4c CMakeFiles/lens_motor_driver.dir/Core/Src/stm32f3xx_hal_timebase_tim.c.obj
                0x20000030                htim6
 .bss.uwTick    0x2000007c        0x4 CMakeFiles/lens_motor_driver.dir/Drivers/STM32F3xx_HAL_Driver/Src/stm32f3xx_hal.c.obj
                0x2000007c                uwTick
 .bss.xQueueRegistry
                0x20000080       0x40 CMakeFiles/lens_motor_driver.dir/Middlewares/Third_Party/FreeRTOS/Source/queue.c.obj
                0x20000080                xQueueRegistry
 .bss.pxCurrentTCB
                0x200000c0        0x4 CMakeFiles/lens_motor_driver.dir/Middlewares/Third_Party/FreeRTOS/Source/tasks.c.obj
                0x200000c0                pxCurrentTCB
 .bss.pxReadyTasksLists
                0x200000c4      0x460 CMakeFiles/lens_motor_driver.dir/Middlewares/Third_Party/FreeRTOS/Source/tasks.c.obj
 .bss.xDelayedTaskList1
                0x20000524       0x14 CMakeFiles/lens_motor_driver.dir/Middlewares/Third_Party/FreeRTOS/Source/tasks.c.obj
 .bss.xDelayedTaskList2
                0x20000538       0x14 CMakeFiles/lens_motor_driver.dir/Middlewares/Third_Party/FreeRTOS/Source/tasks.c.obj
 .bss.pxDelayedTaskList
                0x2000054c        0x4 CMakeFiles/lens_motor_driver.dir/Middlewares/Third_Party/FreeRTOS/Source/tasks.c.obj
 .bss.pxOverflowDelayedTaskList
                0x20000550        0x4 CMakeFiles/lens_motor_driver.dir/Middlewares/Third_Party/FreeRTOS/Source/tasks.c.obj
 .bss.xPendingReadyList
                0x20000554       0x14 CMakeFiles/lens_motor_driver.dir/Middlewares/Third_Party/FreeRTOS/Source/tasks.c.obj
 .bss.xTasksWaitingTermination
                0x20000568       0x14 CMakeFiles/lens_motor_driver.dir/Middlewares/Third_Party/FreeRTOS/Source/tasks.c.obj
 .bss.uxDeletedTasksWaitingCleanUp
                0x2000057c        0x4 CMakeFiles/lens_motor_driver.dir/Middlewares/Third_Party/FreeRTOS/Source/tasks.c.obj
 .bss.xSuspendedTaskList
                0x20000580       0x14 CMakeFiles/lens_motor_driver.dir/Middlewares/Third_Party/FreeRTOS/Source/tasks.c.obj
 .bss.uxCurrentNumberOfTasks
                0x20000594        0x4 CMakeFiles/lens_motor_driver.dir/Middlewares/Third_Party/FreeRTOS/Source/tasks.c.obj
 .bss.xTickCount
                0x20000598        0x4 CMakeFiles/lens_motor_driver.dir/Middlewares/Third_Party/FreeRTOS/Source/tasks.c.obj
 .bss.uxTopReadyPriority
                0x2000059c        0x4 CMakeFiles/lens_motor_driver.dir/Middlewares/Third_Party/FreeRTOS/Source/tasks.c.obj
 .bss.xSchedulerRunning
                0x200005a0        0x4 CMakeFiles/lens_motor_driver.dir/Middlewares/Third_Party/FreeRTOS/Source/tasks.c.obj
 .bss.uxPendedTicks
                0x200005a4        0x4 CMakeFiles/lens_motor_driver.dir/Middlewares/Third_Party/FreeRTOS/Source/tasks.c.obj
 .bss.xYieldPending
                0x200005a8        0x4 CMakeFiles/lens_motor_driver.dir/Middlewares/Third_Party/FreeRTOS/Source/tasks.c.obj
 .bss.xNumOfOverflows
                0x200005ac        0x4 CMakeFiles/lens_motor_driver.dir/Middlewares/Third_Party/FreeRTOS/Source/tasks.c.obj
 .bss.uxTaskNumber
                0x200005b0        0x4 CMakeFiles/lens_motor_driver.dir/Middlewares/Third_Party/FreeRTOS/Source/tasks.c.obj
 .bss.xNextTaskUnblockTime
                0x200005b4        0x4 CMakeFiles/lens_motor_driver.dir/Middlewares/Third_Party/FreeRTOS/Source/tasks.c.obj
 .bss.xIdleTaskHandle
                0x200005b8        0x4 CMakeFiles/lens_motor_driver.dir/Middlewares/Third_Party/FreeRTOS/Source/tasks.c.obj
 .bss.uxSchedulerSuspended
                0x200005bc        0x4 CMakeFiles/lens_motor_driver.dir/Middlewares/Third_Party/FreeRTOS/Source/tasks.c.obj
 .bss.xActiveTimerList1
                0x200005c0       0x14 CMakeFiles/lens_motor_driver.dir/Middlewares/Third_Party/FreeRTOS/Source/timers.c.obj
 .bss.xActiveTimerList2
                0x200005d4       0x14 CMakeFiles/lens_motor_driver.dir/Middlewares/Third_Party/FreeRTOS/Source/timers.c.obj
 .bss.pxCurrentTimerList
                0x200005e8        0x4 CMakeFiles/lens_motor_driver.dir/Middlewares/Third_Party/FreeRTOS/Source/timers.c.obj
 .bss.pxOverflowTimerList
                0x200005ec        0x4 CMakeFiles/lens_motor_driver.dir/Middlewares/Third_Party/FreeRTOS/Source/timers.c.obj
 .bss.xTimerQueue
                0x200005f0        0x4 CMakeFiles/lens_motor_driver.dir/Middlewares/Third_Party/FreeRTOS/Source/timers.c.obj
 .bss.xTimerTaskHandle
                0x200005f4        0x4 CMakeFiles/lens_motor_driver.dir/Middlewares/Third_Party/FreeRTOS/Source/timers.c.obj
 .bss.xLastTime.2
                0x200005f8        0x4 CMakeFiles/lens_motor_driver.dir/Middlewares/Third_Party/FreeRTOS/Source/timers.c.obj
 .bss.ucStaticTimerQueueStorage.1
                0x200005fc       0xa0 CMakeFiles/lens_motor_driver.dir/Middlewares/Third_Party/FreeRTOS/Source/timers.c.obj
 .bss.xStaticTimerQueue.0
                0x2000069c       0x50 CMakeFiles/lens_motor_driver.dir/Middlewares/Third_Party/FreeRTOS/Source/timers.c.obj
 .bss.KernelState
                0x200006ec        0x4 CMakeFiles/lens_motor_driver.dir/Middlewares/Third_Party/FreeRTOS/Source/CMSIS_RTOS_V2/cmsis_os2.c.obj
 .bss.Idle_TCB  0x200006f0       0x5c CMakeFiles/lens_motor_driver.dir/Middlewares/Third_Party/FreeRTOS/Source/CMSIS_RTOS_V2/cmsis_os2.c.obj
 .bss.Idle_Stack
                0x2000074c      0x200 CMakeFiles/lens_motor_driver.dir/Middlewares/Third_Party/FreeRTOS/Source/CMSIS_RTOS_V2/cmsis_os2.c.obj
 .bss.Timer_TCB
                0x2000094c       0x5c CMakeFiles/lens_motor_driver.dir/Middlewares/Third_Party/FreeRTOS/Source/CMSIS_RTOS_V2/cmsis_os2.c.obj
 .bss.Timer_Stack
                0x200009a8      0x400 CMakeFiles/lens_motor_driver.dir/Middlewares/Third_Party/FreeRTOS/Source/CMSIS_RTOS_V2/cmsis_os2.c.obj
 .bss.ucHeap    0x20000da8      0xc00 CMakeFiles/lens_motor_driver.dir/Middlewares/Third_Party/FreeRTOS/Source/portable/MemMang/heap_4.c.obj
 .bss.xStart    0x200019a8        0x8 CMakeFiles/lens_motor_driver.dir/Middlewares/Third_Party/FreeRTOS/Source/portable/MemMang/heap_4.c.obj
 .bss.pxEnd     0x200019b0        0x4 CMakeFiles/lens_motor_driver.dir/Middlewares/Third_Party/FreeRTOS/Source/portable/MemMang/heap_4.c.obj
 .bss.xFreeBytesRemaining
                0x200019b4        0x4 CMakeFiles/lens_motor_driver.dir/Middlewares/Third_Party/FreeRTOS/Source/portable/MemMang/heap_4.c.obj
 .bss.xMinimumEverFreeBytesRemaining
                0x200019b8        0x4 CMakeFiles/lens_motor_driver.dir/Middlewares/Third_Party/FreeRTOS/Source/portable/MemMang/heap_4.c.obj
 .bss.xBlockAllocatedBit
                0x200019bc        0x4 CMakeFiles/lens_motor_driver.dir/Middlewares/Third_Party/FreeRTOS/Source/portable/MemMang/heap_4.c.obj
 .bss.ucMaxSysCallPriority
                0x200019c0        0x1 CMakeFiles/lens_motor_driver.dir/Middlewares/Third_Party/FreeRTOS/Source/portable/GCC/ARM_CM4F/port.c.obj
 *fill*         0x200019c1        0x3 
 .bss.ulMaxPRIGROUPValue
                0x200019c4        0x4 CMakeFiles/lens_motor_driver.dir/Middlewares/Third_Party/FreeRTOS/Source/portable/GCC/ARM_CM4F/port.c.obj
 *(COMMON)
                0x200019c8                        . = ALIGN (0x4)
                0x200019c8                        _ebss = .
                0x200019c8                        __bss_end__ = _ebss

._user_heap_stack
                0x200019c8      0x600 load address 0x08004d64
                0x200019c8                        . = ALIGN (0x8)
                [!provide]                        PROVIDE (end = .)
                0x200019c8                        PROVIDE (_end = .)
                0x20001bc8                        . = (. + _Min_Heap_Size)
 *fill*         0x200019c8      0x200 
                0x20001fc8                        . = (. + _Min_Stack_Size)
 *fill*         0x20001bc8      0x400 
                0x20001fc8                        . = ALIGN (0x8)

/DISCARD/
 libc.a(*)
 libm.a(*)
 libgcc.a(*)

.ARM.attributes
                0x00000000       0x30
 *(.ARM.attributes)
 .ARM.attributes
                0x00000000       0x22 E:/ScoopApps/apps/gcc-arm-none-eabi/current/bin/../lib/gcc/arm-none-eabi/13.3.1/thumb/v7e-m+fp/hard/crti.o
 .ARM.attributes
                0x00000022       0x34 E:/ScoopApps/apps/gcc-arm-none-eabi/current/bin/../lib/gcc/arm-none-eabi/13.3.1/thumb/v7e-m+fp/hard/crtbegin.o
 .ARM.attributes
                0x00000056       0x34 CMakeFiles/lens_motor_driver.dir/Core/Src/main.cpp.obj
 .ARM.attributes
                0x0000008a       0x34 CMakeFiles/lens_motor_driver.dir/Core/Src/gpio.c.obj
 .ARM.attributes
                0x000000be       0x34 CMakeFiles/lens_motor_driver.dir/Core/Src/freertos.c.obj
 .ARM.attributes
                0x000000f2       0x34 CMakeFiles/lens_motor_driver.dir/Core/Src/stm32f3xx_it.c.obj
 .ARM.attributes
                0x00000126       0x34 CMakeFiles/lens_motor_driver.dir/Core/Src/stm32f3xx_hal_msp.c.obj
 .ARM.attributes
                0x0000015a       0x34 CMakeFiles/lens_motor_driver.dir/Core/Src/stm32f3xx_hal_timebase_tim.c.obj
 .ARM.attributes
                0x0000018e       0x34 CMakeFiles/lens_motor_driver.dir/Drivers/STM32F3xx_HAL_Driver/Src/stm32f3xx_hal.c.obj
 .ARM.attributes
                0x000001c2       0x34 CMakeFiles/lens_motor_driver.dir/Drivers/STM32F3xx_HAL_Driver/Src/stm32f3xx_hal_rcc.c.obj
 .ARM.attributes
                0x000001f6       0x34 CMakeFiles/lens_motor_driver.dir/Drivers/STM32F3xx_HAL_Driver/Src/stm32f3xx_hal_cortex.c.obj
 .ARM.attributes
                0x0000022a       0x34 CMakeFiles/lens_motor_driver.dir/Drivers/STM32F3xx_HAL_Driver/Src/stm32f3xx_hal_tim.c.obj
 .ARM.attributes
                0x0000025e       0x34 CMakeFiles/lens_motor_driver.dir/Drivers/STM32F3xx_HAL_Driver/Src/stm32f3xx_hal_tim_ex.c.obj
 .ARM.attributes
                0x00000292       0x34 CMakeFiles/lens_motor_driver.dir/Core/Src/system_stm32f3xx.c.obj
 .ARM.attributes
                0x000002c6       0x34 CMakeFiles/lens_motor_driver.dir/Middlewares/Third_Party/FreeRTOS/Source/list.c.obj
 .ARM.attributes
                0x000002fa       0x34 CMakeFiles/lens_motor_driver.dir/Middlewares/Third_Party/FreeRTOS/Source/queue.c.obj
 .ARM.attributes
                0x0000032e       0x34 CMakeFiles/lens_motor_driver.dir/Middlewares/Third_Party/FreeRTOS/Source/tasks.c.obj
 .ARM.attributes
                0x00000362       0x34 CMakeFiles/lens_motor_driver.dir/Middlewares/Third_Party/FreeRTOS/Source/timers.c.obj
 .ARM.attributes
                0x00000396       0x34 CMakeFiles/lens_motor_driver.dir/Middlewares/Third_Party/FreeRTOS/Source/CMSIS_RTOS_V2/cmsis_os2.c.obj
 .ARM.attributes
                0x000003ca       0x34 CMakeFiles/lens_motor_driver.dir/Middlewares/Third_Party/FreeRTOS/Source/portable/MemMang/heap_4.c.obj
 .ARM.attributes
                0x000003fe       0x34 CMakeFiles/lens_motor_driver.dir/Middlewares/Third_Party/FreeRTOS/Source/portable/GCC/ARM_CM4F/port.c.obj
 .ARM.attributes
                0x00000432       0x21 CMakeFiles/lens_motor_driver.dir/startup_stm32f302xc.s.obj
 .ARM.attributes
                0x00000453       0x34 E:/ScoopApps/apps/gcc-arm-none-eabi/current/bin/../lib/gcc/arm-none-eabi/13.3.1/thumb/v7e-m+fp/hard\libc_nano.a(libc_a-memset.o)
 .ARM.attributes
                0x00000487       0x34 E:/ScoopApps/apps/gcc-arm-none-eabi/current/bin/../lib/gcc/arm-none-eabi/13.3.1/thumb/v7e-m+fp/hard\libc_nano.a(libc_a-init.o)
 .ARM.attributes
                0x000004bb       0x34 E:/ScoopApps/apps/gcc-arm-none-eabi/current/bin/../lib/gcc/arm-none-eabi/13.3.1/thumb/v7e-m+fp/hard\libc_nano.a(libc_a-memcpy-stub.o)
 .ARM.attributes
                0x000004ef       0x34 E:/ScoopApps/apps/gcc-arm-none-eabi/current/bin/../lib/gcc/arm-none-eabi/13.3.1/thumb/v7e-m+fp/hard/crtend.o
 .ARM.attributes
                0x00000523       0x22 E:/ScoopApps/apps/gcc-arm-none-eabi/current/bin/../lib/gcc/arm-none-eabi/13.3.1/thumb/v7e-m+fp/hard/crtn.o
OUTPUT(lens_motor_driver.elf elf32-littlearm)
LOAD linker stubs
LOAD E:/ScoopApps/apps/gcc-arm-none-eabi/current/bin/../lib/gcc/arm-none-eabi/13.3.1/thumb/v7e-m+fp/hard\libc.a
LOAD E:/ScoopApps/apps/gcc-arm-none-eabi/current/bin/../lib/gcc/arm-none-eabi/13.3.1/thumb/v7e-m+fp/hard\libm.a
LOAD E:/ScoopApps/apps/gcc-arm-none-eabi/current/bin/../lib/gcc/arm-none-eabi/13.3.1/thumb/v7e-m+fp/hard\libgcc.a

.debug_info     0x00000000    0x12413
 .debug_info    0x00000000      0x931 CMakeFiles/lens_motor_driver.dir/Core/Src/main.cpp.obj
 .debug_info    0x00000931      0x18d CMakeFiles/lens_motor_driver.dir/Core/Src/gpio.c.obj
 .debug_info    0x00000abe      0x38d CMakeFiles/lens_motor_driver.dir/Core/Src/freertos.c.obj
 .debug_info    0x00000e4b      0x6a8 CMakeFiles/lens_motor_driver.dir/Core/Src/stm32f3xx_it.c.obj
 .debug_info    0x000014f3      0x357 CMakeFiles/lens_motor_driver.dir/Core/Src/stm32f3xx_hal_msp.c.obj
 .debug_info    0x0000184a      0xa70 CMakeFiles/lens_motor_driver.dir/Core/Src/stm32f3xx_hal_timebase_tim.c.obj
 .debug_info    0x000022ba      0x7a4 CMakeFiles/lens_motor_driver.dir/Drivers/STM32F3xx_HAL_Driver/Src/stm32f3xx_hal.c.obj
 .debug_info    0x00002a5e     0x148a CMakeFiles/lens_motor_driver.dir/Drivers/STM32F3xx_HAL_Driver/Src/stm32f3xx_hal_rcc.c.obj
 .debug_info    0x00003ee8      0xcb4 CMakeFiles/lens_motor_driver.dir/Drivers/STM32F3xx_HAL_Driver/Src/stm32f3xx_hal_cortex.c.obj
 .debug_info    0x00004b9c     0x2a70 CMakeFiles/lens_motor_driver.dir/Drivers/STM32F3xx_HAL_Driver/Src/stm32f3xx_hal_tim.c.obj
 .debug_info    0x0000760c     0x156d CMakeFiles/lens_motor_driver.dir/Drivers/STM32F3xx_HAL_Driver/Src/stm32f3xx_hal_tim_ex.c.obj
 .debug_info    0x00008b79      0x407 CMakeFiles/lens_motor_driver.dir/Core/Src/system_stm32f3xx.c.obj
 .debug_info    0x00008f80      0x2aa CMakeFiles/lens_motor_driver.dir/Middlewares/Third_Party/FreeRTOS/Source/list.c.obj
 .debug_info    0x0000922a     0x1abf CMakeFiles/lens_motor_driver.dir/Middlewares/Third_Party/FreeRTOS/Source/queue.c.obj
 .debug_info    0x0000ace9     0x20e5 CMakeFiles/lens_motor_driver.dir/Middlewares/Third_Party/FreeRTOS/Source/tasks.c.obj
 .debug_info    0x0000cdce     0x13b5 CMakeFiles/lens_motor_driver.dir/Middlewares/Third_Party/FreeRTOS/Source/timers.c.obj
 .debug_info    0x0000e183     0x39bf CMakeFiles/lens_motor_driver.dir/Middlewares/Third_Party/FreeRTOS/Source/CMSIS_RTOS_V2/cmsis_os2.c.obj
 .debug_info    0x00011b42      0x3c3 CMakeFiles/lens_motor_driver.dir/Middlewares/Third_Party/FreeRTOS/Source/portable/MemMang/heap_4.c.obj
 .debug_info    0x00011f05      0x4de CMakeFiles/lens_motor_driver.dir/Middlewares/Third_Party/FreeRTOS/Source/portable/GCC/ARM_CM4F/port.c.obj
 .debug_info    0x000123e3       0x30 CMakeFiles/lens_motor_driver.dir/startup_stm32f302xc.s.obj

.debug_abbrev   0x00000000     0x2b0c
 .debug_abbrev  0x00000000      0x212 CMakeFiles/lens_motor_driver.dir/Core/Src/main.cpp.obj
 .debug_abbrev  0x00000212       0xc6 CMakeFiles/lens_motor_driver.dir/Core/Src/gpio.c.obj
 .debug_abbrev  0x000002d8      0x12c CMakeFiles/lens_motor_driver.dir/Core/Src/freertos.c.obj
 .debug_abbrev  0x00000404      0x17d CMakeFiles/lens_motor_driver.dir/Core/Src/stm32f3xx_it.c.obj
 .debug_abbrev  0x00000581      0x107 CMakeFiles/lens_motor_driver.dir/Core/Src/stm32f3xx_hal_msp.c.obj
 .debug_abbrev  0x00000688      0x1f4 CMakeFiles/lens_motor_driver.dir/Core/Src/stm32f3xx_hal_timebase_tim.c.obj
 .debug_abbrev  0x0000087c      0x215 CMakeFiles/lens_motor_driver.dir/Drivers/STM32F3xx_HAL_Driver/Src/stm32f3xx_hal.c.obj
 .debug_abbrev  0x00000a91      0x300 CMakeFiles/lens_motor_driver.dir/Drivers/STM32F3xx_HAL_Driver/Src/stm32f3xx_hal_rcc.c.obj
 .debug_abbrev  0x00000d91      0x31e CMakeFiles/lens_motor_driver.dir/Drivers/STM32F3xx_HAL_Driver/Src/stm32f3xx_hal_cortex.c.obj
 .debug_abbrev  0x000010af      0x278 CMakeFiles/lens_motor_driver.dir/Drivers/STM32F3xx_HAL_Driver/Src/stm32f3xx_hal_tim.c.obj
 .debug_abbrev  0x00001327      0x283 CMakeFiles/lens_motor_driver.dir/Drivers/STM32F3xx_HAL_Driver/Src/stm32f3xx_hal_tim_ex.c.obj
 .debug_abbrev  0x000015aa      0x11a CMakeFiles/lens_motor_driver.dir/Core/Src/system_stm32f3xx.c.obj
 .debug_abbrev  0x000016c4       0xf5 CMakeFiles/lens_motor_driver.dir/Middlewares/Third_Party/FreeRTOS/Source/list.c.obj
 .debug_abbrev  0x000017b9      0x3ce CMakeFiles/lens_motor_driver.dir/Middlewares/Third_Party/FreeRTOS/Source/queue.c.obj
 .debug_abbrev  0x00001b87      0x385 CMakeFiles/lens_motor_driver.dir/Middlewares/Third_Party/FreeRTOS/Source/tasks.c.obj
 .debug_abbrev  0x00001f0c      0x348 CMakeFiles/lens_motor_driver.dir/Middlewares/Third_Party/FreeRTOS/Source/timers.c.obj
 .debug_abbrev  0x00002254      0x433 CMakeFiles/lens_motor_driver.dir/Middlewares/Third_Party/FreeRTOS/Source/CMSIS_RTOS_V2/cmsis_os2.c.obj
 .debug_abbrev  0x00002687      0x205 CMakeFiles/lens_motor_driver.dir/Middlewares/Third_Party/FreeRTOS/Source/portable/MemMang/heap_4.c.obj
 .debug_abbrev  0x0000288c      0x25c CMakeFiles/lens_motor_driver.dir/Middlewares/Third_Party/FreeRTOS/Source/portable/GCC/ARM_CM4F/port.c.obj
 .debug_abbrev  0x00002ae8       0x24 CMakeFiles/lens_motor_driver.dir/startup_stm32f302xc.s.obj

.debug_aranges  0x00000000     0x10c0
 .debug_aranges
                0x00000000       0x38 CMakeFiles/lens_motor_driver.dir/Core/Src/main.cpp.obj
 .debug_aranges
                0x00000038       0x20 CMakeFiles/lens_motor_driver.dir/Core/Src/gpio.c.obj
 .debug_aranges
                0x00000058       0x28 CMakeFiles/lens_motor_driver.dir/Core/Src/freertos.c.obj
 .debug_aranges
                0x00000080       0x50 CMakeFiles/lens_motor_driver.dir/Core/Src/stm32f3xx_it.c.obj
 .debug_aranges
                0x000000d0       0x20 CMakeFiles/lens_motor_driver.dir/Core/Src/stm32f3xx_hal_msp.c.obj
 .debug_aranges
                0x000000f0       0x30 CMakeFiles/lens_motor_driver.dir/Core/Src/stm32f3xx_hal_timebase_tim.c.obj
 .debug_aranges
                0x00000120       0xe0 CMakeFiles/lens_motor_driver.dir/Drivers/STM32F3xx_HAL_Driver/Src/stm32f3xx_hal.c.obj
 .debug_aranges
                0x00000200       0x88 CMakeFiles/lens_motor_driver.dir/Drivers/STM32F3xx_HAL_Driver/Src/stm32f3xx_hal_rcc.c.obj
 .debug_aranges
                0x00000288      0x128 CMakeFiles/lens_motor_driver.dir/Drivers/STM32F3xx_HAL_Driver/Src/stm32f3xx_hal_cortex.c.obj
 .debug_aranges
                0x000003b0      0x3e0 CMakeFiles/lens_motor_driver.dir/Drivers/STM32F3xx_HAL_Driver/Src/stm32f3xx_hal_tim.c.obj
 .debug_aranges
                0x00000790      0x178 CMakeFiles/lens_motor_driver.dir/Drivers/STM32F3xx_HAL_Driver/Src/stm32f3xx_hal_tim_ex.c.obj
 .debug_aranges
                0x00000908       0x28 CMakeFiles/lens_motor_driver.dir/Core/Src/system_stm32f3xx.c.obj
 .debug_aranges
                0x00000930       0x40 CMakeFiles/lens_motor_driver.dir/Middlewares/Third_Party/FreeRTOS/Source/list.c.obj
 .debug_aranges
                0x00000970      0x158 CMakeFiles/lens_motor_driver.dir/Middlewares/Third_Party/FreeRTOS/Source/queue.c.obj
 .debug_aranges
                0x00000ac8      0x1f8 CMakeFiles/lens_motor_driver.dir/Middlewares/Third_Party/FreeRTOS/Source/tasks.c.obj
 .debug_aranges
                0x00000cc0       0xe0 CMakeFiles/lens_motor_driver.dir/Middlewares/Third_Party/FreeRTOS/Source/timers.c.obj
 .debug_aranges
                0x00000da0      0x228 CMakeFiles/lens_motor_driver.dir/Middlewares/Third_Party/FreeRTOS/Source/CMSIS_RTOS_V2/cmsis_os2.c.obj
 .debug_aranges
                0x00000fc8       0x50 CMakeFiles/lens_motor_driver.dir/Middlewares/Third_Party/FreeRTOS/Source/portable/MemMang/heap_4.c.obj
 .debug_aranges
                0x00001018       0x80 CMakeFiles/lens_motor_driver.dir/Middlewares/Third_Party/FreeRTOS/Source/portable/GCC/ARM_CM4F/port.c.obj
 .debug_aranges
                0x00001098       0x28 CMakeFiles/lens_motor_driver.dir/startup_stm32f302xc.s.obj

.debug_rnglists
                0x00000000      0xcea
 .debug_rnglists
                0x00000000       0x26 CMakeFiles/lens_motor_driver.dir/Core/Src/main.cpp.obj
 .debug_rnglists
                0x00000026       0x13 CMakeFiles/lens_motor_driver.dir/Core/Src/gpio.c.obj
 .debug_rnglists
                0x00000039       0x19 CMakeFiles/lens_motor_driver.dir/Core/Src/freertos.c.obj
 .debug_rnglists
                0x00000052       0x37 CMakeFiles/lens_motor_driver.dir/Core/Src/stm32f3xx_it.c.obj
 .debug_rnglists
                0x00000089       0x13 CMakeFiles/lens_motor_driver.dir/Core/Src/stm32f3xx_hal_msp.c.obj
 .debug_rnglists
                0x0000009c       0x20 CMakeFiles/lens_motor_driver.dir/Core/Src/stm32f3xx_hal_timebase_tim.c.obj
 .debug_rnglists
                0x000000bc       0xa3 CMakeFiles/lens_motor_driver.dir/Drivers/STM32F3xx_HAL_Driver/Src/stm32f3xx_hal.c.obj
 .debug_rnglists
                0x0000015f       0x66 CMakeFiles/lens_motor_driver.dir/Drivers/STM32F3xx_HAL_Driver/Src/stm32f3xx_hal_rcc.c.obj
 .debug_rnglists
                0x000001c5       0xda CMakeFiles/lens_motor_driver.dir/Drivers/STM32F3xx_HAL_Driver/Src/stm32f3xx_hal_cortex.c.obj
 .debug_rnglists
                0x0000029f      0x328 CMakeFiles/lens_motor_driver.dir/Drivers/STM32F3xx_HAL_Driver/Src/stm32f3xx_hal_tim.c.obj
 .debug_rnglists
                0x000005c7      0x131 CMakeFiles/lens_motor_driver.dir/Drivers/STM32F3xx_HAL_Driver/Src/stm32f3xx_hal_tim_ex.c.obj
 .debug_rnglists
                0x000006f8       0x1a CMakeFiles/lens_motor_driver.dir/Core/Src/system_stm32f3xx.c.obj
 .debug_rnglists
                0x00000712       0x2b CMakeFiles/lens_motor_driver.dir/Middlewares/Third_Party/FreeRTOS/Source/list.c.obj
 .debug_rnglists
                0x0000073d      0x109 CMakeFiles/lens_motor_driver.dir/Middlewares/Third_Party/FreeRTOS/Source/queue.c.obj
 .debug_rnglists
                0x00000846      0x194 CMakeFiles/lens_motor_driver.dir/Middlewares/Third_Party/FreeRTOS/Source/tasks.c.obj
 .debug_rnglists
                0x000009da       0xab CMakeFiles/lens_motor_driver.dir/Middlewares/Third_Party/FreeRTOS/Source/timers.c.obj
 .debug_rnglists
                0x00000a85      0x1b4 CMakeFiles/lens_motor_driver.dir/Middlewares/Third_Party/FreeRTOS/Source/CMSIS_RTOS_V2/cmsis_os2.c.obj
 .debug_rnglists
                0x00000c39       0x3b CMakeFiles/lens_motor_driver.dir/Middlewares/Third_Party/FreeRTOS/Source/portable/MemMang/heap_4.c.obj
 .debug_rnglists
                0x00000c74       0x5d CMakeFiles/lens_motor_driver.dir/Middlewares/Third_Party/FreeRTOS/Source/portable/GCC/ARM_CM4F/port.c.obj
 .debug_rnglists
                0x00000cd1       0x19 CMakeFiles/lens_motor_driver.dir/startup_stm32f302xc.s.obj

.debug_macro    0x00000000    0x1ee1e
 .debug_macro   0x00000000      0x252 CMakeFiles/lens_motor_driver.dir/Core/Src/main.cpp.obj
 .debug_macro   0x00000252      0xc16 CMakeFiles/lens_motor_driver.dir/Core/Src/main.cpp.obj
 .debug_macro   0x00000e68       0x5b CMakeFiles/lens_motor_driver.dir/Core/Src/main.cpp.obj
 .debug_macro   0x00000ec3       0x10 CMakeFiles/lens_motor_driver.dir/Core/Src/main.cpp.obj
 .debug_macro   0x00000ed3       0x1c CMakeFiles/lens_motor_driver.dir/Core/Src/main.cpp.obj
 .debug_macro   0x00000eef       0x22 CMakeFiles/lens_motor_driver.dir/Core/Src/main.cpp.obj
 .debug_macro   0x00000f11       0x8e CMakeFiles/lens_motor_driver.dir/Core/Src/main.cpp.obj
 .debug_macro   0x00000f9f       0x51 CMakeFiles/lens_motor_driver.dir/Core/Src/main.cpp.obj
 .debug_macro   0x00000ff0      0x103 CMakeFiles/lens_motor_driver.dir/Core/Src/main.cpp.obj
 .debug_macro   0x000010f3       0x6a CMakeFiles/lens_motor_driver.dir/Core/Src/main.cpp.obj
 .debug_macro   0x0000115d      0x1df CMakeFiles/lens_motor_driver.dir/Core/Src/main.cpp.obj
 .debug_macro   0x0000133c      0x197 CMakeFiles/lens_motor_driver.dir/Core/Src/main.cpp.obj
 .debug_macro   0x000014d3       0x74 CMakeFiles/lens_motor_driver.dir/Core/Src/main.cpp.obj
 .debug_macro   0x00001547      0x122 CMakeFiles/lens_motor_driver.dir/Core/Src/main.cpp.obj
 .debug_macro   0x00001669      0x15a CMakeFiles/lens_motor_driver.dir/Core/Src/main.cpp.obj
 .debug_macro   0x000017c3       0xc2 CMakeFiles/lens_motor_driver.dir/Core/Src/main.cpp.obj
 .debug_macro   0x00001885       0x10 CMakeFiles/lens_motor_driver.dir/Core/Src/main.cpp.obj
 .debug_macro   0x00001895       0x1f CMakeFiles/lens_motor_driver.dir/Core/Src/main.cpp.obj
 .debug_macro   0x000018b4      0x47f CMakeFiles/lens_motor_driver.dir/Core/Src/main.cpp.obj
 .debug_macro   0x00001d33       0xdd CMakeFiles/lens_motor_driver.dir/Core/Src/main.cpp.obj
 .debug_macro   0x00001e10      0x151 CMakeFiles/lens_motor_driver.dir/Core/Src/main.cpp.obj
 .debug_macro   0x00001f61       0x2e CMakeFiles/lens_motor_driver.dir/Core/Src/main.cpp.obj
 .debug_macro   0x00001f8f       0x28 CMakeFiles/lens_motor_driver.dir/Core/Src/main.cpp.obj
 .debug_macro   0x00001fb7       0x1c CMakeFiles/lens_motor_driver.dir/Core/Src/main.cpp.obj
 .debug_macro   0x00001fd3       0x22 CMakeFiles/lens_motor_driver.dir/Core/Src/main.cpp.obj
 .debug_macro   0x00001ff5       0xd3 CMakeFiles/lens_motor_driver.dir/Core/Src/main.cpp.obj
 .debug_macro   0x000020c8     0x102d CMakeFiles/lens_motor_driver.dir/Core/Src/main.cpp.obj
 .debug_macro   0x000030f5      0x11f CMakeFiles/lens_motor_driver.dir/Core/Src/main.cpp.obj
 .debug_macro   0x00003214    0x11851 CMakeFiles/lens_motor_driver.dir/Core/Src/main.cpp.obj
 .debug_macro   0x00014a65       0x6d CMakeFiles/lens_motor_driver.dir/Core/Src/main.cpp.obj
 .debug_macro   0x00014ad2     0x3574 CMakeFiles/lens_motor_driver.dir/Core/Src/main.cpp.obj
 .debug_macro   0x00018046       0x55 CMakeFiles/lens_motor_driver.dir/Core/Src/main.cpp.obj
 .debug_macro   0x0001809b      0x961 CMakeFiles/lens_motor_driver.dir/Core/Src/main.cpp.obj
 .debug_macro   0x000189fc      0x4df CMakeFiles/lens_motor_driver.dir/Core/Src/main.cpp.obj
 .debug_macro   0x00018edb      0x1b5 CMakeFiles/lens_motor_driver.dir/Core/Src/main.cpp.obj
 .debug_macro   0x00019090      0x173 CMakeFiles/lens_motor_driver.dir/Core/Src/main.cpp.obj
 .debug_macro   0x00019203      0x1dc CMakeFiles/lens_motor_driver.dir/Core/Src/main.cpp.obj
 .debug_macro   0x000193df      0x1bc CMakeFiles/lens_motor_driver.dir/Core/Src/main.cpp.obj
 .debug_macro   0x0001959b       0x30 CMakeFiles/lens_motor_driver.dir/Core/Src/main.cpp.obj
 .debug_macro   0x000195cb       0x3c CMakeFiles/lens_motor_driver.dir/Core/Src/main.cpp.obj
 .debug_macro   0x00019607      0x235 CMakeFiles/lens_motor_driver.dir/Core/Src/main.cpp.obj
 .debug_macro   0x0001983c       0xc5 CMakeFiles/lens_motor_driver.dir/Core/Src/main.cpp.obj
 .debug_macro   0x00019901      0x21d CMakeFiles/lens_motor_driver.dir/Core/Src/main.cpp.obj
 .debug_macro   0x00019b1e      0x22c CMakeFiles/lens_motor_driver.dir/Core/Src/main.cpp.obj
 .debug_macro   0x00019d4a       0x5b CMakeFiles/lens_motor_driver.dir/Core/Src/main.cpp.obj
 .debug_macro   0x00019da5       0xa5 CMakeFiles/lens_motor_driver.dir/Core/Src/main.cpp.obj
 .debug_macro   0x00019e4a       0x81 CMakeFiles/lens_motor_driver.dir/Core/Src/main.cpp.obj
 .debug_macro   0x00019ecb       0xd3 CMakeFiles/lens_motor_driver.dir/Core/Src/main.cpp.obj
 .debug_macro   0x00019f9e      0xa60 CMakeFiles/lens_motor_driver.dir/Core/Src/main.cpp.obj
 .debug_macro   0x0001a9fe       0x59 CMakeFiles/lens_motor_driver.dir/Core/Src/main.cpp.obj
 .debug_macro   0x0001aa57      0x213 CMakeFiles/lens_motor_driver.dir/Core/Src/main.cpp.obj
 .debug_macro   0x0001ac6a      0x1d7 CMakeFiles/lens_motor_driver.dir/Core/Src/gpio.c.obj
 .debug_macro   0x0001ae41      0xad8 CMakeFiles/lens_motor_driver.dir/Core/Src/gpio.c.obj
 .debug_macro   0x0001b919       0xd9 CMakeFiles/lens_motor_driver.dir/Core/Src/gpio.c.obj
 .debug_macro   0x0001b9f2     0x102d CMakeFiles/lens_motor_driver.dir/Core/Src/gpio.c.obj
 .debug_macro   0x0001ca1f      0x190 CMakeFiles/lens_motor_driver.dir/Core/Src/gpio.c.obj
 .debug_macro   0x0001cbaf      0x257 CMakeFiles/lens_motor_driver.dir/Core/Src/freertos.c.obj
 .debug_macro   0x0001ce06       0xb5 CMakeFiles/lens_motor_driver.dir/Core/Src/freertos.c.obj
 .debug_macro   0x0001cebb       0x8c CMakeFiles/lens_motor_driver.dir/Core/Src/freertos.c.obj
 .debug_macro   0x0001cf47      0x1d7 CMakeFiles/lens_motor_driver.dir/Core/Src/stm32f3xx_it.c.obj
 .debug_macro   0x0001d11e      0x1cd CMakeFiles/lens_motor_driver.dir/Core/Src/stm32f3xx_hal_msp.c.obj
 .debug_macro   0x0001d2eb      0x1c3 CMakeFiles/lens_motor_driver.dir/Core/Src/stm32f3xx_hal_timebase_tim.c.obj
 .debug_macro   0x0001d4ae      0x1e7 CMakeFiles/lens_motor_driver.dir/Drivers/STM32F3xx_HAL_Driver/Src/stm32f3xx_hal.c.obj
 .debug_macro   0x0001d695      0x1e7 CMakeFiles/lens_motor_driver.dir/Drivers/STM32F3xx_HAL_Driver/Src/stm32f3xx_hal_rcc.c.obj
 .debug_macro   0x0001d87c      0x1c3 CMakeFiles/lens_motor_driver.dir/Drivers/STM32F3xx_HAL_Driver/Src/stm32f3xx_hal_cortex.c.obj
 .debug_macro   0x0001da3f      0x1c4 CMakeFiles/lens_motor_driver.dir/Drivers/STM32F3xx_HAL_Driver/Src/stm32f3xx_hal_tim.c.obj
 .debug_macro   0x0001dc03      0x1c3 CMakeFiles/lens_motor_driver.dir/Drivers/STM32F3xx_HAL_Driver/Src/stm32f3xx_hal_tim_ex.c.obj
 .debug_macro   0x0001ddc6      0x1c3 CMakeFiles/lens_motor_driver.dir/Core/Src/system_stm32f3xx.c.obj
 .debug_macro   0x0001df89      0x178 CMakeFiles/lens_motor_driver.dir/Middlewares/Third_Party/FreeRTOS/Source/list.c.obj
 .debug_macro   0x0001e101      0x1fe CMakeFiles/lens_motor_driver.dir/Middlewares/Third_Party/FreeRTOS/Source/queue.c.obj
 .debug_macro   0x0001e2ff       0x16 CMakeFiles/lens_motor_driver.dir/Middlewares/Third_Party/FreeRTOS/Source/queue.c.obj
 .debug_macro   0x0001e315       0x3c CMakeFiles/lens_motor_driver.dir/Middlewares/Third_Party/FreeRTOS/Source/queue.c.obj
 .debug_macro   0x0001e351       0x8d CMakeFiles/lens_motor_driver.dir/Middlewares/Third_Party/FreeRTOS/Source/queue.c.obj
 .debug_macro   0x0001e3de      0x273 CMakeFiles/lens_motor_driver.dir/Middlewares/Third_Party/FreeRTOS/Source/tasks.c.obj
 .debug_macro   0x0001e651       0x10 CMakeFiles/lens_motor_driver.dir/Middlewares/Third_Party/FreeRTOS/Source/tasks.c.obj
 .debug_macro   0x0001e661      0x1bb CMakeFiles/lens_motor_driver.dir/Middlewares/Third_Party/FreeRTOS/Source/timers.c.obj
 .debug_macro   0x0001e81c      0x233 CMakeFiles/lens_motor_driver.dir/Middlewares/Third_Party/FreeRTOS/Source/CMSIS_RTOS_V2/cmsis_os2.c.obj
 .debug_macro   0x0001ea4f       0x9a CMakeFiles/lens_motor_driver.dir/Middlewares/Third_Party/FreeRTOS/Source/CMSIS_RTOS_V2/cmsis_os2.c.obj
 .debug_macro   0x0001eae9      0x19f CMakeFiles/lens_motor_driver.dir/Middlewares/Third_Party/FreeRTOS/Source/portable/MemMang/heap_4.c.obj
 .debug_macro   0x0001ec88      0x196 CMakeFiles/lens_motor_driver.dir/Middlewares/Third_Party/FreeRTOS/Source/portable/GCC/ARM_CM4F/port.c.obj

.debug_line     0x00000000    0x11e49
 .debug_line    0x00000000      0x871 CMakeFiles/lens_motor_driver.dir/Core/Src/main.cpp.obj
 .debug_line    0x00000871      0x5fe CMakeFiles/lens_motor_driver.dir/Core/Src/gpio.c.obj
 .debug_line    0x00000e6f      0x7f0 CMakeFiles/lens_motor_driver.dir/Core/Src/freertos.c.obj
 .debug_line    0x0000165f      0x68a CMakeFiles/lens_motor_driver.dir/Core/Src/stm32f3xx_it.c.obj
 .debug_line    0x00001ce9      0x603 CMakeFiles/lens_motor_driver.dir/Core/Src/stm32f3xx_hal_msp.c.obj
 .debug_line    0x000022ec      0x681 CMakeFiles/lens_motor_driver.dir/Core/Src/stm32f3xx_hal_timebase_tim.c.obj
 .debug_line    0x0000296d      0x8b7 CMakeFiles/lens_motor_driver.dir/Drivers/STM32F3xx_HAL_Driver/Src/stm32f3xx_hal.c.obj
 .debug_line    0x00003224     0x1416 CMakeFiles/lens_motor_driver.dir/Drivers/STM32F3xx_HAL_Driver/Src/stm32f3xx_hal_rcc.c.obj
 .debug_line    0x0000463a      0xb82 CMakeFiles/lens_motor_driver.dir/Drivers/STM32F3xx_HAL_Driver/Src/stm32f3xx_hal_cortex.c.obj
 .debug_line    0x000051bc     0x3bd0 CMakeFiles/lens_motor_driver.dir/Drivers/STM32F3xx_HAL_Driver/Src/stm32f3xx_hal_tim.c.obj
 .debug_line    0x00008d8c     0x18a8 CMakeFiles/lens_motor_driver.dir/Drivers/STM32F3xx_HAL_Driver/Src/stm32f3xx_hal_tim_ex.c.obj
 .debug_line    0x0000a634      0x67b CMakeFiles/lens_motor_driver.dir/Core/Src/system_stm32f3xx.c.obj
 .debug_line    0x0000acaf      0x535 CMakeFiles/lens_motor_driver.dir/Middlewares/Third_Party/FreeRTOS/Source/list.c.obj
 .debug_line    0x0000b1e4     0x149f CMakeFiles/lens_motor_driver.dir/Middlewares/Third_Party/FreeRTOS/Source/queue.c.obj
 .debug_line    0x0000c683     0x19f5 CMakeFiles/lens_motor_driver.dir/Middlewares/Third_Party/FreeRTOS/Source/tasks.c.obj
 .debug_line    0x0000e078      0xa9a CMakeFiles/lens_motor_driver.dir/Middlewares/Third_Party/FreeRTOS/Source/timers.c.obj
 .debug_line    0x0000eb12     0x257e CMakeFiles/lens_motor_driver.dir/Middlewares/Third_Party/FreeRTOS/Source/CMSIS_RTOS_V2/cmsis_os2.c.obj
 .debug_line    0x00011090      0x6e6 CMakeFiles/lens_motor_driver.dir/Middlewares/Third_Party/FreeRTOS/Source/portable/MemMang/heap_4.c.obj
 .debug_line    0x00011776      0x659 CMakeFiles/lens_motor_driver.dir/Middlewares/Third_Party/FreeRTOS/Source/portable/GCC/ARM_CM4F/port.c.obj
 .debug_line    0x00011dcf       0x7a CMakeFiles/lens_motor_driver.dir/startup_stm32f302xc.s.obj

.debug_str      0x00000000    0xb2711
 .debug_str     0x00000000    0xb2711 CMakeFiles/lens_motor_driver.dir/Core/Src/main.cpp.obj
                              0xa720e (size before relaxing)
 .debug_str     0x000b2711    0xa2c0e CMakeFiles/lens_motor_driver.dir/Core/Src/gpio.c.obj
 .debug_str     0x000b2711    0xa74f8 CMakeFiles/lens_motor_driver.dir/Core/Src/freertos.c.obj
 .debug_str     0x000b2711    0xa313d CMakeFiles/lens_motor_driver.dir/Core/Src/stm32f3xx_it.c.obj
 .debug_str     0x000b2711    0xa2ff8 CMakeFiles/lens_motor_driver.dir/Core/Src/stm32f3xx_hal_msp.c.obj
 .debug_str     0x000b2711    0xa3667 CMakeFiles/lens_motor_driver.dir/Core/Src/stm32f3xx_hal_timebase_tim.c.obj
 .debug_str     0x000b2711    0xa34a3 CMakeFiles/lens_motor_driver.dir/Drivers/STM32F3xx_HAL_Driver/Src/stm32f3xx_hal.c.obj
 .debug_str     0x000b2711    0xa316c CMakeFiles/lens_motor_driver.dir/Drivers/STM32F3xx_HAL_Driver/Src/stm32f3xx_hal_rcc.c.obj
 .debug_str     0x000b2711    0xa3527 CMakeFiles/lens_motor_driver.dir/Drivers/STM32F3xx_HAL_Driver/Src/stm32f3xx_hal_cortex.c.obj
 .debug_str     0x000b2711    0xa4103 CMakeFiles/lens_motor_driver.dir/Drivers/STM32F3xx_HAL_Driver/Src/stm32f3xx_hal_tim.c.obj
 .debug_str     0x000b2711    0xa3949 CMakeFiles/lens_motor_driver.dir/Drivers/STM32F3xx_HAL_Driver/Src/stm32f3xx_hal_tim_ex.c.obj
 .debug_str     0x000b2711    0xa2ccc CMakeFiles/lens_motor_driver.dir/Core/Src/system_stm32f3xx.c.obj
 .debug_str     0x000b2711     0xa225 CMakeFiles/lens_motor_driver.dir/Middlewares/Third_Party/FreeRTOS/Source/list.c.obj
 .debug_str     0x000b2711     0xbbcf CMakeFiles/lens_motor_driver.dir/Middlewares/Third_Party/FreeRTOS/Source/queue.c.obj
 .debug_str     0x000b2711     0xc733 CMakeFiles/lens_motor_driver.dir/Middlewares/Third_Party/FreeRTOS/Source/tasks.c.obj
 .debug_str     0x000b2711     0xc0f4 CMakeFiles/lens_motor_driver.dir/Middlewares/Third_Party/FreeRTOS/Source/timers.c.obj
 .debug_str     0x000b2711     0xe2e4 CMakeFiles/lens_motor_driver.dir/Middlewares/Third_Party/FreeRTOS/Source/CMSIS_RTOS_V2/cmsis_os2.c.obj
 .debug_str     0x000b2711     0xa972 CMakeFiles/lens_motor_driver.dir/Middlewares/Third_Party/FreeRTOS/Source/portable/MemMang/heap_4.c.obj
 .debug_str     0x000b2711     0x831c CMakeFiles/lens_motor_driver.dir/Middlewares/Third_Party/FreeRTOS/Source/portable/GCC/ARM_CM4F/port.c.obj
 .debug_str     0x000b2711       0x96 CMakeFiles/lens_motor_driver.dir/startup_stm32f302xc.s.obj

.comment        0x00000000       0x45
 .comment       0x00000000       0x45 CMakeFiles/lens_motor_driver.dir/Core/Src/main.cpp.obj
                                 0x46 (size before relaxing)
 .comment       0x00000045       0x46 CMakeFiles/lens_motor_driver.dir/Core/Src/gpio.c.obj
 .comment       0x00000045       0x46 CMakeFiles/lens_motor_driver.dir/Core/Src/freertos.c.obj
 .comment       0x00000045       0x46 CMakeFiles/lens_motor_driver.dir/Core/Src/stm32f3xx_it.c.obj
 .comment       0x00000045       0x46 CMakeFiles/lens_motor_driver.dir/Core/Src/stm32f3xx_hal_msp.c.obj
 .comment       0x00000045       0x46 CMakeFiles/lens_motor_driver.dir/Core/Src/stm32f3xx_hal_timebase_tim.c.obj
 .comment       0x00000045       0x46 CMakeFiles/lens_motor_driver.dir/Drivers/STM32F3xx_HAL_Driver/Src/stm32f3xx_hal.c.obj
 .comment       0x00000045       0x46 CMakeFiles/lens_motor_driver.dir/Drivers/STM32F3xx_HAL_Driver/Src/stm32f3xx_hal_rcc.c.obj
 .comment       0x00000045       0x46 CMakeFiles/lens_motor_driver.dir/Drivers/STM32F3xx_HAL_Driver/Src/stm32f3xx_hal_cortex.c.obj
 .comment       0x00000045       0x46 CMakeFiles/lens_motor_driver.dir/Drivers/STM32F3xx_HAL_Driver/Src/stm32f3xx_hal_tim.c.obj
 .comment       0x00000045       0x46 CMakeFiles/lens_motor_driver.dir/Drivers/STM32F3xx_HAL_Driver/Src/stm32f3xx_hal_tim_ex.c.obj
 .comment       0x00000045       0x46 CMakeFiles/lens_motor_driver.dir/Core/Src/system_stm32f3xx.c.obj
 .comment       0x00000045       0x46 CMakeFiles/lens_motor_driver.dir/Middlewares/Third_Party/FreeRTOS/Source/list.c.obj
 .comment       0x00000045       0x46 CMakeFiles/lens_motor_driver.dir/Middlewares/Third_Party/FreeRTOS/Source/queue.c.obj
 .comment       0x00000045       0x46 CMakeFiles/lens_motor_driver.dir/Middlewares/Third_Party/FreeRTOS/Source/tasks.c.obj
 .comment       0x00000045       0x46 CMakeFiles/lens_motor_driver.dir/Middlewares/Third_Party/FreeRTOS/Source/timers.c.obj
 .comment       0x00000045       0x46 CMakeFiles/lens_motor_driver.dir/Middlewares/Third_Party/FreeRTOS/Source/CMSIS_RTOS_V2/cmsis_os2.c.obj
 .comment       0x00000045       0x46 CMakeFiles/lens_motor_driver.dir/Middlewares/Third_Party/FreeRTOS/Source/portable/MemMang/heap_4.c.obj
 .comment       0x00000045       0x46 CMakeFiles/lens_motor_driver.dir/Middlewares/Third_Party/FreeRTOS/Source/portable/GCC/ARM_CM4F/port.c.obj

.debug_frame    0x00000000     0x4568
 .debug_frame   0x00000000       0x8c CMakeFiles/lens_motor_driver.dir/Core/Src/main.cpp.obj
 .debug_frame   0x0000008c       0x38 CMakeFiles/lens_motor_driver.dir/Core/Src/gpio.c.obj
 .debug_frame   0x000000c4       0x4c CMakeFiles/lens_motor_driver.dir/Core/Src/freertos.c.obj
 .debug_frame   0x00000110       0xc4 CMakeFiles/lens_motor_driver.dir/Core/Src/stm32f3xx_it.c.obj
 .debug_frame   0x000001d4       0x34 CMakeFiles/lens_motor_driver.dir/Core/Src/stm32f3xx_hal_msp.c.obj
 .debug_frame   0x00000208       0x74 CMakeFiles/lens_motor_driver.dir/Core/Src/stm32f3xx_hal_timebase_tim.c.obj
 .debug_frame   0x0000027c      0x334 CMakeFiles/lens_motor_driver.dir/Drivers/STM32F3xx_HAL_Driver/Src/stm32f3xx_hal.c.obj
 .debug_frame   0x000005b0      0x214 CMakeFiles/lens_motor_driver.dir/Drivers/STM32F3xx_HAL_Driver/Src/stm32f3xx_hal_rcc.c.obj
 .debug_frame   0x000007c4      0x4e8 CMakeFiles/lens_motor_driver.dir/Drivers/STM32F3xx_HAL_Driver/Src/stm32f3xx_hal_cortex.c.obj
 .debug_frame   0x00000cac     0x1218 CMakeFiles/lens_motor_driver.dir/Drivers/STM32F3xx_HAL_Driver/Src/stm32f3xx_hal_tim.c.obj
 .debug_frame   0x00001ec4      0x688 CMakeFiles/lens_motor_driver.dir/Drivers/STM32F3xx_HAL_Driver/Src/stm32f3xx_hal_tim_ex.c.obj
 .debug_frame   0x0000254c       0x58 CMakeFiles/lens_motor_driver.dir/Core/Src/system_stm32f3xx.c.obj
 .debug_frame   0x000025a4       0xd8 CMakeFiles/lens_motor_driver.dir/Middlewares/Third_Party/FreeRTOS/Source/list.c.obj
 .debug_frame   0x0000267c      0x5ec CMakeFiles/lens_motor_driver.dir/Middlewares/Third_Party/FreeRTOS/Source/queue.c.obj
 .debug_frame   0x00002c68      0x8a8 CMakeFiles/lens_motor_driver.dir/Middlewares/Third_Party/FreeRTOS/Source/tasks.c.obj
 .debug_frame   0x00003510      0x3b4 CMakeFiles/lens_motor_driver.dir/Middlewares/Third_Party/FreeRTOS/Source/timers.c.obj
 .debug_frame   0x000038c4      0x980 CMakeFiles/lens_motor_driver.dir/Middlewares/Third_Party/FreeRTOS/Source/CMSIS_RTOS_V2/cmsis_os2.c.obj
 .debug_frame   0x00004244      0x108 CMakeFiles/lens_motor_driver.dir/Middlewares/Third_Party/FreeRTOS/Source/portable/MemMang/heap_4.c.obj
 .debug_frame   0x0000434c      0x1a8 CMakeFiles/lens_motor_driver.dir/Middlewares/Third_Party/FreeRTOS/Source/portable/GCC/ARM_CM4F/port.c.obj
 .debug_frame   0x000044f4       0x20 E:/ScoopApps/apps/gcc-arm-none-eabi/current/bin/../lib/gcc/arm-none-eabi/13.3.1/thumb/v7e-m+fp/hard\libc_nano.a(libc_a-memset.o)
 .debug_frame   0x00004514       0x2c E:/ScoopApps/apps/gcc-arm-none-eabi/current/bin/../lib/gcc/arm-none-eabi/13.3.1/thumb/v7e-m+fp/hard\libc_nano.a(libc_a-init.o)
 .debug_frame   0x00004540       0x28 E:/ScoopApps/apps/gcc-arm-none-eabi/current/bin/../lib/gcc/arm-none-eabi/13.3.1/thumb/v7e-m+fp/hard\libc_nano.a(libc_a-memcpy-stub.o)

.debug_line_str
                0x00000000       0x7a
 .debug_line_str
                0x00000000       0x7a CMakeFiles/lens_motor_driver.dir/startup_stm32f302xc.s.obj
